OpenJDK 64-Bit Server VM (25.265-b01) for windows-amd64 JRE (1.8.0_265-b01), built on Jul 28 2020 21:14:30 by "Administrator" with MS VC++ 10.0 (VS2010)
Memory: 4k page, physical 16545128k(6216084k free), swap 26506600k(8413812k free)
CommandLine flags: -XX:+HeapDumpOnOutOfMemoryError -XX:HeapDumpPath=./ -XX:InitialHeapSize=10485760 -XX:MaxHeapSize=10485760 -XX:MaxNewSize=3497984 -XX:MaxTenuringThreshold=6 -XX:NewSize=3497984 -XX:OldPLABSize=16 -XX:OldSize=6987776 -XX:+PrintGC -XX:+PrintGCDetails -XX:+PrintGCTimeStamps -XX:+UseCompressedClassPointers -XX:+UseCompressedOops -XX:+UseConcMarkSweepGC -XX:-UseLargePagesIndividualAllocation -XX:+UseParNewGC 
0.163: [GC (Allocation Failure) 0.163: [ParNew: 2752K->320K(3072K), 0.0043573 secs] 2752K->835K(9920K), 0.0044881 secs] [Times: user=0.00 sys=0.00, real=0.01 secs] 
0.213: [GC (Allocation Failure) 0.213: [ParNew: 3072K->291K(3072K), 0.0007977 secs] 3587K->1129K(9920K), 0.0008522 secs] [Times: user=0.00 sys=0.00, real=0.00 secs] 
0.246: [GC (Allocation Failure) 0.246: [ParNew: 3043K->320K(3072K), 0.0008380 secs] 3881K->1421K(9920K), 0.0009017 secs] [Times: user=0.11 sys=0.00, real=0.00 secs] 
0.279: [GC (Allocation Failure) 0.279: [ParNew: 3072K->320K(3072K), 0.0007955 secs] 4173K->1707K(9920K), 0.0008483 secs] [Times: user=0.00 sys=0.00, real=0.00 secs] 
0.316: [GC (Allocation Failure) 0.316: [ParNew: 3072K->213K(3072K), 0.0009756 secs] 4459K->1988K(9920K), 0.0010409 secs] [Times: user=0.00 sys=0.00, real=0.00 secs] 
0.349: [GC (Allocation Failure) 0.349: [ParNew: 2965K->320K(3072K), 0.0011462 secs] 4740K->2536K(9920K), 0.0012162 secs] [Times: user=0.00 sys=0.00, real=0.00 secs] 
0.387: [GC (Allocation Failure) 0.387: [ParNew: 3072K->193K(3072K), 0.0008418 secs] 5288K->2750K(9920K), 0.0008930 secs] [Times: user=0.11 sys=0.00, real=0.00 secs] 
0.418: [GC (Allocation Failure) 0.418: [ParNew: 2945K->227K(3072K), 0.0014557 secs] 5502K->3468K(9920K), 0.0015244 secs] [Times: user=0.06 sys=0.02, real=0.00 secs] 
0.458: [GC (Allocation Failure) 0.458: [ParNew: 2979K->320K(3072K), 0.0025956 secs] 6220K->3594K(9920K), 0.0026649 secs] [Times: user=0.00 sys=0.00, real=0.00 secs] 
0.505: [GC (Allocation Failure) 0.505: [ParNew: 3072K->320K(3072K), 0.0029917 secs] 6346K->3846K(9920K), 0.0030520 secs] [Times: user=0.00 sys=0.00, real=0.00 secs] 
0.509: [GC (CMS Initial Mark) [1 CMS-initial-mark: 3526K(6848K)] 3901K(9920K), 0.0001218 secs] [Times: user=0.00 sys=0.00, real=0.00 secs] 
0.509: [CMS-concurrent-mark-start]
0.512: [CMS-concurrent-mark: 0.004/0.004 secs] [Times: user=0.03 sys=0.02, real=0.00 secs] 
0.512: [CMS-concurrent-preclean-start]
0.512: [CMS-concurrent-preclean: 0.000/0.000 secs] [Times: user=0.00 sys=0.00, real=0.00 secs] 
0.513: [GC (CMS Final Remark) [YG occupancy: 594 K (3072 K)]0.513: [Rescan (parallel) , 0.0002704 secs]0.513: [weak refs processing, 0.0000191 secs]0.513: [class unloading, 0.0002240 secs]0.513: [scrub symbol table, 0.0003248 secs]0.513: [scrub string table, 0.0000870 secs][1 CMS-remark: 3526K(6848K)] 4121K(9920K), 0.0010082 secs] [Times: user=0.00 sys=0.00, real=0.00 secs] 
0.514: [CMS-concurrent-sweep-start]
0.515: [CMS-concurrent-sweep: 0.001/0.001 secs] [Times: user=0.00 sys=0.00, real=0.00 secs] 
0.515: [CMS-concurrent-reset-start]
0.515: [CMS-concurrent-reset: 0.000/0.000 secs] [Times: user=0.00 sys=0.00, real=0.00 secs] 
0.536: [GC (Allocation Failure) 0.536: [ParNew: 3072K->189K(3072K), 0.0021267 secs] 6117K->4332K(9920K), 0.0022243 secs] [Times: user=0.00 sys=0.00, real=0.00 secs] 
0.572: [GC (Allocation Failure) 0.572: [ParNew: 2941K->320K(3072K), 0.0019583 secs] 7084K->4569K(9920K), 0.0020235 secs] [Times: user=0.06 sys=0.01, real=0.00 secs] 
0.607: [GC (Allocation Failure) 0.607: [ParNew: 3072K->312K(3072K), 0.0021174 secs] 7321K->4768K(9920K), 0.0021810 secs] [Times: user=0.00 sys=0.00, real=0.00 secs] 
0.637: [GC (Allocation Failure) 0.637: [ParNew: 3064K->270K(3072K), 0.0044836 secs] 7520K->5151K(9920K), 0.0045386 secs] [Times: user=0.00 sys=0.00, real=0.00 secs] 
0.673: [GC (Allocation Failure) 0.673: [ParNew: 3022K->200K(3072K), 0.0026768 secs] 7903K->5348K(9920K), 0.0027915 secs] [Times: user=0.00 sys=0.00, real=0.00 secs] 
0.697: [GC (Allocation Failure) 0.697: [ParNew: 2952K->160K(3072K), 0.0019014 secs] 8100K->6512K(9920K), 0.0019846 secs] [Times: user=0.00 sys=0.00, real=0.00 secs] 
0.699: [GC (CMS Initial Mark) [1 CMS-initial-mark: 6351K(6848K)] 6567K(9920K), 0.0001173 secs] [Times: user=0.00 sys=0.00, real=0.00 secs] 
0.699: [CMS-concurrent-mark-start]
0.706: [CMS-concurrent-mark: 0.007/0.007 secs] [Times: user=0.00 sys=0.00, real=0.01 secs] 
0.706: [CMS-concurrent-preclean-start]
0.706: [CMS-concurrent-preclean: 0.000/0.000 secs] [Times: user=0.00 sys=0.00, real=0.00 secs] 
0.707: [GC (CMS Final Remark) [YG occupancy: 710 K (3072 K)]0.707: [Rescan (parallel) , 0.0001840 secs]0.707: [weak refs processing, 0.0000136 secs]0.707: [class unloading, 0.0004123 secs]0.707: [scrub symbol table, 0.0003114 secs]0.708: [scrub string table, 0.0000844 secs][1 CMS-remark: 6351K(6848K)] 7062K(9920K), 0.0011080 secs] [Times: user=0.00 sys=0.00, real=0.00 secs] 
0.708: [CMS-concurrent-sweep-start]
0.710: [CMS-concurrent-sweep: 0.002/0.002 secs] [Times: user=0.00 sys=0.00, real=0.00 secs] 
0.710: [CMS-concurrent-reset-start]
0.710: [CMS-concurrent-reset: 0.000/0.000 secs] [Times: user=0.00 sys=0.00, real=0.00 secs] 
0.732: [GC (Allocation Failure) 0.732: [ParNew: 2912K->2912K(3072K), 0.0000225 secs]0.732: [CMS: 5303K->5713K(6848K), 0.0144474 secs] 8215K->5713K(9920K), [Metaspace: 3362K->3362K(1056768K)], 0.0145720 secs] [Times: user=0.02 sys=0.00, real=0.01 secs] 
0.747: [GC (CMS Initial Mark) [1 CMS-initial-mark: 5713K(6848K)] 5767K(9920K), 0.0001289 secs] [Times: user=0.00 sys=0.00, real=0.00 secs] 
0.747: [CMS-concurrent-mark-start]
0.757: [CMS-concurrent-mark: 0.010/0.010 secs] [Times: user=0.00 sys=0.00, real=0.01 secs] 
0.757: [CMS-concurrent-preclean-start]
0.757: [CMS-concurrent-preclean: 0.000/0.000 secs] [Times: user=0.00 sys=0.00, real=0.00 secs] 
0.758: [GC (CMS Final Remark) [YG occupancy: 820 K (3072 K)]0.758: [Rescan (parallel) , 0.0001872 secs]0.758: [weak refs processing, 0.0000139 secs]0.758: [class unloading, 0.0002200 secs]0.758: [scrub symbol table, 0.0003459 secs]0.758: [scrub string table, 0.0000931 secs][1 CMS-remark: 5713K(6848K)] 6533K(9920K), 0.0009525 secs] [Times: user=0.00 sys=0.00, real=0.00 secs] 
0.759: [CMS-concurrent-sweep-start]
0.760: [CMS-concurrent-sweep: 0.002/0.002 secs] [Times: user=0.00 sys=0.00, real=0.00 secs] 
0.760: [CMS-concurrent-reset-start]
0.761: [CMS-concurrent-reset: 0.000/0.000 secs] [Times: user=0.00 sys=0.00, real=0.00 secs] 
0.781: [GC (Allocation Failure) 0.781: [ParNew: 2752K->2752K(3072K), 0.0000151 secs]0.781: [CMS: 5712K->5979K(6848K), 0.0101887 secs] 8464K->5979K(9920K), [Metaspace: 3362K->3362K(1056768K)], 0.0102924 secs] [Times: user=0.00 sys=0.00, real=0.01 secs] 
0.792: [GC (CMS Initial Mark) [1 CMS-initial-mark: 5979K(6848K)] 6034K(9920K), 0.0001385 secs] [Times: user=0.00 sys=0.00, real=0.00 secs] 
0.792: [CMS-concurrent-mark-start]
0.804: [CMS-concurrent-mark: 0.013/0.013 secs] [Times: user=0.03 sys=0.02, real=0.01 secs] 
0.805: [CMS-concurrent-preclean-start]
0.805: [CMS-concurrent-preclean: 0.000/0.000 secs] [Times: user=0.00 sys=0.00, real=0.00 secs] 
0.805: [GC (CMS Final Remark) [YG occupancy: 1041 K (3072 K)]0.805: [Rescan (parallel) , 0.0001514 secs]0.805: [weak refs processing, 0.0000104 secs]0.805: [class unloading, 0.0001987 secs]0.805: [scrub symbol table, 0.0002780 secs]0.805: [scrub string table, 0.0000791 secs][1 CMS-remark: 5979K(6848K)] 7020K(9920K), 0.0008001 secs] [Times: user=0.00 sys=0.00, real=0.00 secs] 
0.805: [CMS-concurrent-sweep-start]
0.808: [CMS-concurrent-sweep: 0.003/0.003 secs] [Times: user=0.02 sys=0.01, real=0.00 secs] 
0.808: [CMS-concurrent-reset-start]
0.808: [CMS-concurrent-reset: 0.000/0.000 secs] [Times: user=0.00 sys=0.00, real=0.00 secs] 
0.844: [GC (Allocation Failure) 0.844: [ParNew: 2752K->2752K(3072K), 0.0000168 secs]0.844: [CMS: 5979K->6245K(6848K), 0.0102089 secs] 8731K->6245K(9920K), [Metaspace: 3362K->3362K(1056768K)], 0.0103108 secs] [Times: user=0.00 sys=0.00, real=0.01 secs] 
0.854: [GC (CMS Initial Mark) [1 CMS-initial-mark: 6245K(6848K)] 6245K(9920K), 0.0001190 secs] [Times: user=0.00 sys=0.00, real=0.00 secs] 
0.855: [CMS-concurrent-mark-start]
0.864: [CMS-concurrent-mark: 0.009/0.009 secs] [Times: user=0.03 sys=0.02, real=0.01 secs] 
0.864: [CMS-concurrent-preclean-start]
0.864: [CMS-concurrent-preclean: 0.000/0.000 secs] [Times: user=0.00 sys=0.00, real=0.00 secs] 
0.864: [GC (CMS Final Remark) [YG occupancy: 768 K (3072 K)]0.864: [Rescan (parallel) , 0.0001856 secs]0.864: [weak refs processing, 0.0000102 secs]0.864: [class unloading, 0.0002073 secs]0.865: [scrub symbol table, 0.0003163 secs]0.865: [scrub string table, 0.0000875 secs][1 CMS-remark: 6245K(6848K)] 7013K(9920K), 0.0008776 secs] [Times: user=0.00 sys=0.00, real=0.00 secs] 
0.865: [CMS-concurrent-sweep-start]
0.868: [CMS-concurrent-sweep: 0.003/0.003 secs] [Times: user=0.00 sys=0.00, real=0.00 secs] 
0.868: [CMS-concurrent-reset-start]
0.868: [CMS-concurrent-reset: 0.000/0.000 secs] [Times: user=0.00 sys=0.00, real=0.00 secs] 
0.891: [GC (Allocation Failure) 0.891: [ParNew: 2752K->2752K(3072K), 0.0000227 secs]0.891: [CMS: 6245K->6511K(6848K), 0.0124464 secs] 8997K->6511K(9920K), [Metaspace: 3362K->3362K(1056768K)], 0.0125742 secs] [Times: user=0.01 sys=0.00, real=0.01 secs] 
0.903: [GC (CMS Initial Mark) [1 CMS-initial-mark: 6511K(6848K)] 6511K(9920K), 0.0001409 secs] [Times: user=0.00 sys=0.00, real=0.00 secs] 
0.904: [CMS-concurrent-mark-start]
0.919: [CMS-concurrent-mark: 0.015/0.015 secs] [Times: user=0.05 sys=0.00, real=0.02 secs] 
0.919: [CMS-concurrent-preclean-start]
0.919: [CMS-concurrent-preclean: 0.000/0.000 secs] [Times: user=0.00 sys=0.00, real=0.00 secs] 
0.919: [GC (CMS Final Remark) [YG occupancy: 1098 K (3072 K)]0.919: [Rescan (parallel) , 0.0002362 secs]0.919: [weak refs processing, 0.0000140 secs]0.919: [class unloading, 0.0003063 secs]0.920: [scrub symbol table, 0.0004176 secs]0.920: [scrub string table, 0.0001439 secs][1 CMS-remark: 6511K(6848K)] 7610K(9920K), 0.0012209 secs] [Times: user=0.00 sys=0.00, real=0.00 secs] 
0.920: [CMS-concurrent-sweep-start]
0.923: [CMS-concurrent-sweep: 0.003/0.003 secs] [Times: user=0.00 sys=0.00, real=0.00 secs] 
0.923: [CMS-concurrent-reset-start]
0.923: [CMS-concurrent-reset: 0.000/0.000 secs] [Times: user=0.00 sys=0.00, real=0.00 secs] 
0.937: [GC (Allocation Failure) 0.937: [ParNew: 2752K->2752K(3072K), 0.0000147 secs]0.937: [CMS: 6511K->6847K(6848K), 0.0158592 secs] 9263K->6929K(9920K), [Metaspace: 3618K->3618K(1056768K)], 0.0159630 secs] [Times: user=0.01 sys=0.00, real=0.02 secs] 
0.954: [GC (CMS Initial Mark) [1 CMS-initial-mark: 6847K(6848K)] 7013K(9920K), 0.0001574 secs] [Times: user=0.00 sys=0.00, real=0.00 secs] 
0.954: [CMS-concurrent-mark-start]
0.970: [CMS-concurrent-mark: 0.016/0.016 secs] [Times: user=0.06 sys=0.01, real=0.02 secs] 
0.970: [CMS-concurrent-preclean-start]
0.976: [CMS-concurrent-preclean: 0.007/0.007 secs] [Times: user=0.00 sys=0.00, real=0.01 secs] 
0.977: [CMS-concurrent-abortable-preclean-start]
0.977: [CMS-concurrent-abortable-preclean: 0.000/0.000 secs] [Times: user=0.00 sys=0.00, real=0.00 secs] 
0.977: [GC (CMS Final Remark) [YG occupancy: 2177 K (3072 K)]0.977: [Rescan (parallel) , 0.0004234 secs]0.977: [weak refs processing, 0.0000151 secs]0.977: [class unloading, 0.0003386 secs]0.977: [scrub symbol table, 0.0003671 secs]0.978: [scrub string table, 0.0001205 secs][1 CMS-remark: 6847K(6848K)] 9025K(9920K), 0.0013594 secs] [Times: user=0.00 sys=0.00, real=0.00 secs] 
0.978: [CMS-concurrent-sweep-start]
0.981: [CMS-concurrent-sweep: 0.003/0.003 secs] [Times: user=0.03 sys=0.00, real=0.00 secs] 
0.981: [CMS-concurrent-reset-start]
0.981: [CMS-concurrent-reset: 0.000/0.000 secs] [Times: user=0.00 sys=0.00, real=0.00 secs] 
0.993: [GC (Allocation Failure) 0.993: [ParNew: 3071K->3071K(3072K), 0.0000212 secs]0.993: [CMS: 6847K->6846K(6848K), 0.0178756 secs] 9919K->7168K(9920K), [Metaspace: 3864K->3864K(1056768K)], 0.0179880 secs] [Times: user=0.02 sys=0.00, real=0.02 secs] 
1.011: [GC (CMS Initial Mark) [1 CMS-initial-mark: 6846K(6848K)] 7219K(9920K), 0.0003327 secs] [Times: user=0.00 sys=0.00, real=0.00 secs] 
1.011: [CMS-concurrent-mark-start]
1.028: [CMS-concurrent-mark: 0.016/0.016 secs] [Times: user=0.06 sys=0.03, real=0.02 secs] 
1.028: [CMS-concurrent-preclean-start]
1.035: [CMS-concurrent-preclean: 0.007/0.007 secs] [Times: user=0.00 sys=0.00, real=0.01 secs] 
1.035: [CMS-concurrent-abortable-preclean-start]
1.035: [CMS-concurrent-abortable-preclean: 0.000/0.000 secs] [Times: user=0.00 sys=0.00, real=0.00 secs] 
1.035: [GC (CMS Final Remark) [YG occupancy: 2105 K (3072 K)]1.035: [Rescan (parallel) , 0.0003571 secs]1.035: [weak refs processing, 0.0000152 secs]1.035: [class unloading, 0.0003637 secs]1.036: [scrub symbol table, 0.0004910 secs]1.036: [scrub string table, 0.0001868 secs][1 CMS-remark: 6846K(6848K)] 8951K(9920K), 0.0015207 secs] [Times: user=0.00 sys=0.00, real=0.00 secs] 
1.036: [CMS-concurrent-sweep-start]
1.039: [CMS-concurrent-sweep: 0.002/0.002 secs] [Times: user=0.00 sys=0.00, real=0.00 secs] 
1.039: [CMS-concurrent-reset-start]
1.039: [CMS-concurrent-reset: 0.000/0.000 secs] [Times: user=0.00 sys=0.00, real=0.00 secs] 
1.052: [GC (Allocation Failure) 1.052: [ParNew: 3071K->3071K(3072K), 0.0000223 secs]1.052: [CMS: 6846K->6846K(6848K), 0.0148769 secs] 9918K->7346K(9920K), [Metaspace: 3864K->3864K(1056768K)], 0.0150046 secs] [Times: user=0.02 sys=0.00, real=0.02 secs] 
1.067: [GC (CMS Initial Mark) [1 CMS-initial-mark: 6846K(6848K)] 7398K(9920K), 0.0005142 secs] [Times: user=0.00 sys=0.00, real=0.00 secs] 
1.068: [CMS-concurrent-mark-start]
1.084: [CMS-concurrent-mark: 0.016/0.016 secs] [Times: user=0.03 sys=0.02, real=0.02 secs] 
1.084: [CMS-concurrent-preclean-start]
1.088: [Full GC (Allocation Failure) 1.088: [CMS1.089: [CMS-concurrent-preclean: 0.005/0.006 secs] [Times: user=0.00 sys=0.00, real=0.01 secs] 
 (concurrent mode failure): 6847K->6630K(6848K), 0.0161453 secs] 9919K->8082K(9920K), [Metaspace: 3864K->3864K(1056768K)], 0.0162237 secs] [Times: user=0.02 sys=0.00, real=0.02 secs] 
1.132: [Full GC (Allocation Failure) 1.132: [CMS: 6847K->6651K(6848K), 0.0141908 secs] 9919K->8207K(9920K), [Metaspace: 3864K->3864K(1056768K)], 0.0142628 secs] [Times: user=0.01 sys=0.00, real=0.01 secs] 
1.146: [GC (CMS Initial Mark) [1 CMS-initial-mark: 6651K(6848K)] 8254K(9920K), 0.0026777 secs] [Times: user=0.00 sys=0.00, real=0.00 secs] 
1.149: [CMS-concurrent-mark-start]
1.157: [CMS-concurrent-mark: 0.008/0.008 secs] [Times: user=0.03 sys=0.02, real=0.01 secs] 
1.157: [CMS-concurrent-preclean-start]
1.163: [CMS-concurrent-preclean: 0.006/0.006 secs] [Times: user=0.00 sys=0.00, real=0.00 secs] 
1.163: [CMS-concurrent-abortable-preclean-start]
1.163: [CMS-concurrent-abortable-preclean: 0.000/0.000 secs] [Times: user=0.00 sys=0.00, real=0.00 secs] 
1.163: [GC (CMS Final Remark) [YG occupancy: 2582 K (3072 K)]1.163: [Rescan (parallel) , 0.0026695 secs]1.166: [weak refs processing, 0.0000140 secs]1.166: [class unloading, 0.0003286 secs]1.166: [scrub symbol table, 0.0003746 secs]1.166: [scrub string table, 0.0001051 secs][1 CMS-remark: 6651K(6848K)] 9233K(9920K), 0.0035923 secs] [Times: user=0.00 sys=0.00, real=0.00 secs] 
1.167: [CMS-concurrent-sweep-start]
1.169: [CMS-concurrent-sweep: 0.003/0.003 secs] [Times: user=0.02 sys=0.01, real=0.00 secs] 
1.169: [CMS-concurrent-reset-start]
1.169: [CMS-concurrent-reset: 0.000/0.000 secs] [Times: user=0.00 sys=0.00, real=0.00 secs] 
1.176: [GC (Allocation Failure) 1.176: [ParNew: 3072K->3072K(3072K), 0.0000211 secs]1.176: [CMS: 6651K->6651K(6848K), 0.0137025 secs] 9723K->8305K(9920K), [Metaspace: 3864K->3864K(1056768K)], 0.0138074 secs] [Times: user=0.02 sys=0.00, real=0.01 secs] 
1.190: [GC (CMS Initial Mark) [1 CMS-initial-mark: 6651K(6848K)] 8346K(9920K), 0.0028588 secs] [Times: user=0.00 sys=0.00, real=0.00 secs] 
1.193: [CMS-concurrent-mark-start]
1.200: [CMS-concurrent-mark: 0.007/0.007 secs] [Times: user=0.03 sys=0.02, real=0.01 secs] 
1.200: [CMS-concurrent-preclean-start]
1.204: [CMS-concurrent-preclean: 0.004/0.004 secs] [Times: user=0.00 sys=0.00, real=0.00 secs] 
1.205: [CMS-concurrent-abortable-preclean-start]
1.205: [CMS-concurrent-abortable-preclean: 0.000/0.000 secs] [Times: user=0.00 sys=0.00, real=0.00 secs] 
1.205: [GC (CMS Final Remark) [YG occupancy: 2513 K (3072 K)]1.205: [Rescan (parallel) , 0.0026815 secs]1.207: [weak refs processing, 0.0000164 secs]1.207: [class unloading, 0.0003987 secs]1.208: [scrub symbol table, 0.0005037 secs]1.208: [scrub string table, 0.0001644 secs][1 CMS-remark: 6651K(6848K)] 9165K(9920K), 0.0038866 secs] [Times: user=0.00 sys=0.00, real=0.00 secs] 
1.209: [CMS-concurrent-sweep-start]
1.212: [CMS-concurrent-sweep: 0.003/0.003 secs] [Times: user=0.00 sys=0.00, real=0.00 secs] 
1.212: [CMS-concurrent-reset-start]
1.212: [CMS-concurrent-reset: 0.000/0.000 secs] [Times: user=0.00 sys=0.00, real=0.00 secs] 
1.221: [GC (Allocation Failure) 1.221: [ParNew: 3071K->3071K(3072K), 0.0000154 secs]1.221: [CMS: 6651K->6651K(6848K), 0.0145065 secs] 9723K->8396K(9920K), [Metaspace: 3864K->3864K(1056768K)], 0.0146132 secs] [Times: user=0.02 sys=0.00, real=0.01 secs] 
1.235: [GC (CMS Initial Mark) [1 CMS-initial-mark: 6651K(6848K)] 8433K(9920K), 0.0035192 secs] [Times: user=0.00 sys=0.00, real=0.00 secs] 
1.239: [CMS-concurrent-mark-start]
1.247: [CMS-concurrent-mark: 0.008/0.008 secs] [Times: user=0.03 sys=0.02, real=0.01 secs] 
1.247: [CMS-concurrent-preclean-start]
1.251: [CMS-concurrent-preclean: 0.005/0.005 secs] [Times: user=0.00 sys=0.00, real=0.00 secs] 
1.251: [CMS-concurrent-abortable-preclean-start]
1.251: [CMS-concurrent-abortable-preclean: 0.000/0.000 secs] [Times: user=0.00 sys=0.00, real=0.00 secs] 
1.251: [GC (CMS Final Remark) [YG occupancy: 2586 K (3072 K)]1.251: [Rescan (parallel) , 0.0027907 secs]1.254: [weak refs processing, 0.0000124 secs]1.254: [class unloading, 0.0002672 secs]1.255: [scrub symbol table, 0.0003675 secs]1.255: [scrub string table, 0.0001146 secs][1 CMS-remark: 6651K(6848K)] 9237K(9920K), 0.0036482 secs] [Times: user=0.00 sys=0.00, real=0.00 secs] 
1.255: [CMS-concurrent-sweep-start]
1.259: [CMS-concurrent-sweep: 0.004/0.004 secs] [Times: user=0.00 sys=0.00, real=0.00 secs] 
1.259: [CMS-concurrent-reset-start]
1.259: [CMS-concurrent-reset: 0.000/0.000 secs] [Times: user=0.00 sys=0.00, real=0.00 secs] 
1.265: [GC (Allocation Failure) 1.265: [ParNew: 3071K->3071K(3072K), 0.0000236 secs]1.265: [CMS: 6651K->6651K(6848K), 0.0148456 secs] 9723K->8482K(9920K), [Metaspace: 3864K->3864K(1056768K)], 0.0149638 secs] [Times: user=0.01 sys=0.00, real=0.02 secs] 
1.280: [GC (CMS Initial Mark) [1 CMS-initial-mark: 6651K(6848K)] 8515K(9920K), 0.0036750 secs] [Times: user=0.00 sys=0.00, real=0.00 secs] 
1.284: [CMS-concurrent-mark-start]
1.291: [CMS-concurrent-mark: 0.008/0.008 secs] [Times: user=0.00 sys=0.00, real=0.01 secs] 
1.291: [CMS-concurrent-preclean-start]
1.298: [CMS-concurrent-preclean: 0.006/0.006 secs] [Times: user=0.03 sys=0.00, real=0.01 secs] 
1.298: [CMS-concurrent-abortable-preclean-start]
1.298: [CMS-concurrent-abortable-preclean: 0.000/0.000 secs] [Times: user=0.00 sys=0.00, real=0.00 secs] 
1.298: [GC (CMS Final Remark) [YG occupancy: 2752 K (3072 K)]1.298: [Rescan (parallel) , 0.0029282 secs]1.301: [weak refs processing, 0.0000138 secs]1.301: [class unloading, 0.0003165 secs]1.301: [scrub symbol table, 0.0004173 secs]1.302: [scrub string table, 0.0001251 secs][1 CMS-remark: 6651K(6848K)] 9403K(9920K), 0.0039201 secs] [Times: user=0.00 sys=0.00, real=0.00 secs] 
1.302: [CMS-concurrent-sweep-start]
1.305: [CMS-concurrent-sweep: 0.003/0.003 secs] [Times: user=0.00 sys=0.00, real=0.00 secs] 
1.305: [CMS-concurrent-reset-start]
1.305: [CMS-concurrent-reset: 0.000/0.000 secs] [Times: user=0.00 sys=0.00, real=0.00 secs] 
1.309: [GC (Allocation Failure) 1.309: [ParNew: 3071K->3071K(3072K), 0.0000239 secs]1.309: [CMS: 6651K->6651K(6848K), 0.0126174 secs] 9723K->8562K(9920K), [Metaspace: 3864K->3864K(1056768K)], 0.0127279 secs] [Times: user=0.00 sys=0.00, real=0.01 secs] 
1.322: [GC (CMS Initial Mark) [1 CMS-initial-mark: 6651K(6848K)] 8592K(9920K), 0.0031021 secs] [Times: user=0.02 sys=0.00, real=0.00 secs] 
1.325: [CMS-concurrent-mark-start]
1.332: [CMS-concurrent-mark: 0.007/0.007 secs] [Times: user=0.00 sys=0.00, real=0.01 secs] 
1.332: [CMS-concurrent-preclean-start]
1.337: [CMS-concurrent-preclean: 0.004/0.004 secs] [Times: user=0.00 sys=0.00, real=0.00 secs] 
1.337: [CMS-concurrent-abortable-preclean-start]
1.337: [CMS-concurrent-abortable-preclean: 0.000/0.000 secs] [Times: user=0.00 sys=0.00, real=0.00 secs] 
1.337: [GC (CMS Final Remark) [YG occupancy: 2752 K (3072 K)]1.337: [Rescan (parallel) , 0.0031728 secs]1.340: [weak refs processing, 0.0000156 secs]1.340: [class unloading, 0.0005135 secs]1.340: [scrub symbol table, 0.0005223 secs]1.341: [scrub string table, 0.0001524 secs][1 CMS-remark: 6651K(6848K)] 9403K(9920K), 0.0045710 secs] [Times: user=0.02 sys=0.00, real=0.01 secs] 
1.341: [CMS-concurrent-sweep-start]
1.344: [CMS-concurrent-sweep: 0.003/0.003 secs] [Times: user=0.00 sys=0.00, real=0.00 secs] 
1.344: [CMS-concurrent-reset-start]
1.344: [CMS-concurrent-reset: 0.000/0.000 secs] [Times: user=0.00 sys=0.00, real=0.00 secs] 
1.348: [GC (Allocation Failure) 1.348: [ParNew: 3071K->3071K(3072K), 0.0000197 secs]1.348: [CMS: 6651K->6651K(6848K), 0.0142403 secs] 9723K->8636K(9920K), [Metaspace: 3864K->3864K(1056768K)], 0.0143569 secs] [Times: user=0.01 sys=0.00, real=0.01 secs] 
1.362: [GC (CMS Initial Mark) [1 CMS-initial-mark: 6651K(6848K)] 8664K(9920K), 0.0034583 secs] [Times: user=0.00 sys=0.00, real=0.00 secs] 
1.366: [CMS-concurrent-mark-start]
1.373: [CMS-concurrent-mark: 0.007/0.007 secs] [Times: user=0.03 sys=0.02, real=0.01 secs] 
1.373: [CMS-concurrent-preclean-start]
1.380: [CMS-concurrent-preclean: 0.007/0.007 secs] [Times: user=0.00 sys=0.00, real=0.01 secs] 
1.380: [CMS-concurrent-abortable-preclean-start]
1.380: [CMS-concurrent-abortable-preclean: 0.000/0.000 secs] [Times: user=0.00 sys=0.00, real=0.00 secs] 
1.380: [GC (CMS Final Remark) [YG occupancy: 2838 K (3072 K)]1.380: [Rescan (parallel) , 0.0032820 secs]1.383: [weak refs processing, 0.0000172 secs]1.383: [class unloading, 0.0003847 secs]1.384: [scrub symbol table, 0.0003846 secs]1.384: [scrub string table, 0.0001401 secs][1 CMS-remark: 6651K(6848K)] 9489K(9920K), 0.0043367 secs] [Times: user=0.00 sys=0.00, real=0.01 secs] 
1.384: [CMS-concurrent-sweep-start]
1.388: [CMS-concurrent-sweep: 0.003/0.003 secs] [Times: user=0.03 sys=0.00, real=0.00 secs] 
1.388: [CMS-concurrent-reset-start]
1.388: [CMS-concurrent-reset: 0.000/0.000 secs] [Times: user=0.00 sys=0.00, real=0.00 secs] 
1.391: [GC (Allocation Failure) 1.391: [ParNew: 3072K->3072K(3072K), 0.0000203 secs]1.391: [CMS: 6651K->6651K(6848K), 0.0179658 secs] 9723K->8707K(9920K), [Metaspace: 3864K->3864K(1056768K)], 0.0180873 secs] [Times: user=0.02 sys=0.00, real=0.02 secs] 
1.409: [GC (CMS Initial Mark) [1 CMS-initial-mark: 6651K(6848K)] 8732K(9920K), 0.0033195 secs] [Times: user=0.00 sys=0.00, real=0.00 secs] 
1.412: [CMS-concurrent-mark-start]
1.419: [CMS-concurrent-mark: 0.007/0.007 secs] [Times: user=0.03 sys=0.01, real=0.01 secs] 
1.419: [CMS-concurrent-preclean-start]
1.424: [CMS-concurrent-preclean: 0.005/0.005 secs] [Times: user=0.00 sys=0.00, real=0.01 secs] 
1.425: [CMS-concurrent-abortable-preclean-start]
1.425: [CMS-concurrent-abortable-preclean: 0.000/0.000 secs] [Times: user=0.00 sys=0.00, real=0.00 secs] 
1.425: [GC (CMS Final Remark) [YG occupancy: 2852 K (3072 K)]1.425: [Rescan (parallel) , 0.0031289 secs]1.428: [weak refs processing, 0.0000182 secs]1.428: [class unloading, 0.0004028 secs]1.428: [scrub symbol table, 0.0005813 secs]1.429: [scrub string table, 0.0001692 secs][1 CMS-remark: 6651K(6848K)] 9504K(9920K), 0.0044669 secs] [Times: user=0.00 sys=0.00, real=0.00 secs] 
1.429: [CMS-concurrent-sweep-start]
1.433: [CMS-concurrent-sweep: 0.004/0.004 secs] [Times: user=0.00 sys=0.00, real=0.00 secs] 
1.433: [CMS-concurrent-reset-start]
1.433: [CMS-concurrent-reset: 0.000/0.000 secs] [Times: user=0.00 sys=0.00, real=0.00 secs] 
1.435: [GC (Allocation Failure) 1.435: [ParNew: 3071K->3071K(3072K), 0.0000159 secs]1.435: [CMS: 6651K->6651K(6848K), 0.0166712 secs] 9723K->8772K(9920K), [Metaspace: 3864K->3864K(1056768K)], 0.0167904 secs] [Times: user=0.01 sys=0.00, real=0.02 secs] 
1.452: [GC (CMS Initial Mark) [1 CMS-initial-mark: 6651K(6848K)] 8796K(9920K), 0.0034122 secs] [Times: user=0.00 sys=0.00, real=0.00 secs] 
1.455: [CMS-concurrent-mark-start]
1.463: [CMS-concurrent-mark: 0.008/0.008 secs] [Times: user=0.00 sys=0.00, real=0.01 secs] 
1.463: [CMS-concurrent-preclean-start]
1.470: [CMS-concurrent-preclean: 0.006/0.006 secs] [Times: user=0.02 sys=0.01, real=0.01 secs] 
1.470: [CMS-concurrent-abortable-preclean-start]
1.470: [CMS-concurrent-abortable-preclean: 0.000/0.000 secs] [Times: user=0.00 sys=0.00, real=0.00 secs] 
1.470: [GC (CMS Final Remark) [YG occupancy: 2764 K (3072 K)]1.470: [Rescan (parallel) , 0.0030882 secs]1.473: [weak refs processing, 0.0000205 secs]1.473: [class unloading, 0.0006561 secs]1.474: [scrub symbol table, 0.0006597 secs]1.474: [scrub string table, 0.0001783 secs][1 CMS-remark: 6651K(6848K)] 9416K(9920K), 0.0048005 secs] [Times: user=0.00 sys=0.00, real=0.00 secs] 
1.475: [CMS-concurrent-sweep-start]
1.478: [CMS-concurrent-sweep: 0.003/0.003 secs] [Times: user=0.00 sys=0.00, real=0.00 secs] 
1.478: [CMS-concurrent-reset-start]
1.478: [CMS-concurrent-reset: 0.000/0.000 secs] [Times: user=0.00 sys=0.00, real=0.00 secs] 
1.484: [GC (Allocation Failure) 1.484: [ParNew: 3072K->3072K(3072K), 0.0000159 secs]1.484: [CMS: 6651K->6651K(6848K), 0.0145803 secs] 9723K->8833K(9920K), [Metaspace: 3864K->3864K(1056768K)], 0.0146865 secs] [Times: user=0.02 sys=0.00, real=0.01 secs] 
1.498: [GC (CMS Initial Mark) [1 CMS-initial-mark: 6651K(6848K)] 8856K(9920K), 0.0031390 secs] [Times: user=0.00 sys=0.00, real=0.00 secs] 
1.502: [CMS-concurrent-mark-start]
1.509: [CMS-concurrent-mark: 0.007/0.007 secs] [Times: user=0.00 sys=0.00, real=0.01 secs] 
1.509: [CMS-concurrent-preclean-start]
1.514: [CMS-concurrent-preclean: 0.005/0.005 secs] [Times: user=0.03 sys=0.00, real=0.01 secs] 
1.514: [CMS-concurrent-abortable-preclean-start]
1.514: [CMS-concurrent-abortable-preclean: 0.000/0.000 secs] [Times: user=0.00 sys=0.00, real=0.00 secs] 
1.514: [GC (CMS Final Remark) [YG occupancy: 2894 K (3072 K)]1.514: [Rescan (parallel) , 0.0031633 secs]1.517: [weak refs processing, 0.0000232 secs]1.517: [class unloading, 0.0004393 secs]1.517: [scrub symbol table, 0.0004875 secs]1.518: [scrub string table, 0.0001590 secs][1 CMS-remark: 6651K(6848K)] 9545K(9920K), 0.0044249 secs] [Times: user=0.00 sys=0.00, real=0.00 secs] 
1.518: [CMS-concurrent-sweep-start]
1.521: [CMS-concurrent-sweep: 0.002/0.002 secs] [Times: user=0.00 sys=0.00, real=0.00 secs] 
1.521: [CMS-concurrent-reset-start]
1.521: [CMS-concurrent-reset: 0.000/0.000 secs] [Times: user=0.00 sys=0.00, real=0.00 secs] 
1.522: [GC (Allocation Failure) 1.522: [ParNew: 3072K->3072K(3072K), 0.0000181 secs]1.522: [CMS: 6651K->6651K(6848K), 0.0130279 secs] 9723K->8891K(9920K), [Metaspace: 3864K->3864K(1056768K)], 0.0131352 secs] [Times: user=0.02 sys=0.00, real=0.01 secs] 
1.535: [GC (CMS Initial Mark) [1 CMS-initial-mark: 6651K(6848K)] 8911K(9920K), 0.0039953 secs] [Times: user=0.00 sys=0.00, real=0.00 secs] 
1.539: [CMS-concurrent-mark-start]
1.546: [CMS-concurrent-mark: 0.007/0.007 secs] [Times: user=0.05 sys=0.00, real=0.01 secs] 
1.546: [CMS-concurrent-preclean-start]
1.551: [CMS-concurrent-preclean: 0.005/0.005 secs] [Times: user=0.00 sys=0.00, real=0.00 secs] 
1.552: [CMS-concurrent-abortable-preclean-start]
1.552: [CMS-concurrent-abortable-preclean: 0.000/0.000 secs] [Times: user=0.00 sys=0.00, real=0.00 secs] 
1.552: [GC (CMS Final Remark) [YG occupancy: 2979 K (3072 K)]1.552: [Rescan (parallel) , 0.0032768 secs]1.555: [weak refs processing, 0.0000111 secs]1.555: [class unloading, 0.0002636 secs]1.555: [scrub symbol table, 0.0003915 secs]1.556: [scrub string table, 0.0001065 secs][1 CMS-remark: 6651K(6848K)] 9630K(9920K), 0.0041367 secs] [Times: user=0.00 sys=0.00, real=0.00 secs] 
1.556: [CMS-concurrent-sweep-start]
1.561: [CMS-concurrent-sweep: 0.003/0.005 secs] [Times: user=0.00 sys=0.03, real=0.00 secs] 
1.561: [CMS-concurrent-reset-start]
1.561: [CMS-concurrent-reset: 0.000/0.000 secs] [Times: user=0.00 sys=0.00, real=0.00 secs] 
1.561: [GC (Allocation Failure) 1.561: [ParNew: 3072K->3072K(3072K), 0.0000199 secs]1.561: [CMS: 6689K->6654K(6848K), 0.0205062 secs] 9761K->8948K(9920K), [Metaspace: 3864K->3864K(1056768K)], 0.0206176 secs] [Times: user=0.01 sys=0.00, real=0.02 secs] 
1.600: [Full GC (Allocation Failure) 1.600: [CMS: 6847K->6672K(6848K), 0.0137809 secs] 9919K->9016K(9920K), [Metaspace: 3864K->3864K(1056768K)], 0.0138629 secs] [Times: user=0.02 sys=0.00, real=0.01 secs] 
1.614: [GC (CMS Initial Mark) [1 CMS-initial-mark: 6672K(6848K)] 9036K(9920K), 0.0043759 secs] [Times: user=0.00 sys=0.00, real=0.00 secs] 
1.619: [CMS-concurrent-mark-start]
1.627: [CMS-concurrent-mark: 0.008/0.008 secs] [Times: user=0.05 sys=0.00, real=0.01 secs] 
1.627: [CMS-concurrent-preclean-start]
1.632: [CMS-concurrent-preclean: 0.004/0.004 secs] [Times: user=0.00 sys=0.00, real=0.00 secs] 
1.632: [CMS-concurrent-abortable-preclean-start]
1.632: [CMS-concurrent-abortable-preclean: 0.000/0.000 secs] [Times: user=0.00 sys=0.00, real=0.00 secs] 
1.632: [GC (CMS Final Remark) [YG occupancy: 3008 K (3072 K)]1.632: [Rescan (parallel) , 0.0033772 secs]1.635: [weak refs processing, 0.0000187 secs]1.635: [class unloading, 0.0004160 secs]1.636: [scrub symbol table, 0.0006065 secs]1.636: [scrub string table, 0.0001646 secs][1 CMS-remark: 6672K(6848K)] 9681K(9920K), 0.0047304 secs] [Times: user=0.00 sys=0.00, real=0.00 secs] 
1.637: [CMS-concurrent-sweep-start]
1.646: [CMS-concurrent-sweep: 0.005/0.009 secs] [Times: user=0.03 sys=0.00, real=0.01 secs] 
1.646: [CMS-concurrent-reset-start]
1.646: [CMS-concurrent-reset: 0.000/0.000 secs] [Times: user=0.00 sys=0.00, real=0.00 secs] 
1.646: [GC (Allocation Failure) 1.646: [ParNew: 3071K->3071K(3072K), 0.0000189 secs]1.646: [CMS: 6782K->6683K(6848K), 0.0181344 secs] 9854K->9073K(9920K), [Metaspace: 3864K->3864K(1056768K)], 0.0182266 secs] [Times: user=0.02 sys=0.00, real=0.02 secs] 
1.681: [Full GC (Allocation Failure) 1.681: [CMS: 6847K->6698K(6848K), 0.0131355 secs] 9919K->9133K(9920K), [Metaspace: 3864K->3864K(1056768K)], 0.0132002 secs] [Times: user=0.02 sys=0.00, real=0.01 secs] 
1.695: [GC (CMS Initial Mark) [1 CMS-initial-mark: 6698K(6848K)] 9151K(9920K), 0.0035875 secs] [Times: user=0.00 sys=0.00, real=0.00 secs] 
1.698: [CMS-concurrent-mark-start]
1.706: [CMS-concurrent-mark: 0.008/0.008 secs] [Times: user=0.03 sys=0.02, real=0.01 secs] 
1.706: [CMS-concurrent-preclean-start]
1.711: [CMS-concurrent-preclean: 0.005/0.005 secs] [Times: user=0.00 sys=0.00, real=0.01 secs] 
1.711: [CMS-concurrent-abortable-preclean-start]
1.711: [CMS-concurrent-abortable-preclean: 0.000/0.000 secs] [Times: user=0.00 sys=0.00, real=0.00 secs] 
1.711: [GC (CMS Final Remark) [YG occupancy: 3071 K (3072 K)]1.711: [Rescan (parallel) , 0.0033882 secs]1.715: [weak refs processing, 0.0000154 secs]1.715: [class unloading, 0.0002647 secs]1.715: [scrub symbol table, 0.0003870 secs]1.715: [scrub string table, 0.0001196 secs][1 CMS-remark: 6698K(6848K)] 9770K(9920K), 0.0042793 secs] [Times: user=0.02 sys=0.00, real=0.00 secs] 
1.716: [CMS-concurrent-sweep-start]
1.726: [Full GC (Allocation Failure) 1.726: [CMS1.727: [CMS-concurrent-sweep: 0.004/0.011 secs] [Times: user=0.00 sys=0.00, real=0.01 secs] 
 (concurrent mode failure): 6847K->6712K(6848K), 0.0180229 secs] 9919K->9188K(9920K), [Metaspace: 3864K->3864K(1056768K)], 0.0181122 secs] [Times: user=0.02 sys=0.00, real=0.02 secs] 
1.771: [Full GC (Allocation Failure) 1.771: [CMS: 6847K->6725K(6848K), 0.0149746 secs] 9919K->9239K(9920K), [Metaspace: 3864K->3864K(1056768K)], 0.0150491 secs] [Times: user=0.01 sys=0.00, real=0.02 secs] 
1.787: [GC (CMS Initial Mark) [1 CMS-initial-mark: 6725K(6848K)] 9255K(9920K), 0.0035961 secs] [Times: user=0.00 sys=0.00, real=0.00 secs] 
1.790: [CMS-concurrent-mark-start]
1.798: [CMS-concurrent-mark: 0.008/0.008 secs] [Times: user=0.05 sys=0.00, real=0.01 secs] 
1.798: [CMS-concurrent-preclean-start]
1.806: [CMS-concurrent-preclean: 0.007/0.008 secs] [Times: user=0.00 sys=0.00, real=0.01 secs] 
1.806: [CMS-concurrent-abortable-preclean-start]
1.806: [CMS-concurrent-abortable-preclean: 0.000/0.000 secs] [Times: user=0.00 sys=0.00, real=0.00 secs] 
1.806: [GC (CMS Final Remark) [YG occupancy: 3072 K (3072 K)]1.806: [Rescan (parallel) , 0.0036111 secs]1.810: [weak refs processing, 0.0000151 secs]1.810: [class unloading, 0.0003486 secs]1.810: [scrub symbol table, 0.0004817 secs]1.811: [scrub string table, 0.0001502 secs][1 CMS-remark: 6743K(6848K)] 9815K(9920K), 0.0047337 secs] [Times: user=0.08 sys=0.00, real=0.00 secs] 
1.811: [CMS-concurrent-sweep-start]
1.819: [Full GC (Allocation Failure) 1.819: [CMS1.820: [CMS-concurrent-sweep: 0.005/0.009 secs] [Times: user=0.00 sys=0.00, real=0.01 secs] 
 (concurrent mode failure): 6847K->6736K(6848K), 0.0152633 secs] 9919K->9286K(9920K), [Metaspace: 3864K->3864K(1056768K)], 0.0153342 secs] [Times: user=0.02 sys=0.00, real=0.01 secs] 
1.850: [Full GC (Allocation Failure) 1.850: [CMS: 6847K->6747K(6848K), 0.0193757 secs] 9919K->9330K(9920K), [Metaspace: 3864K->3864K(1056768K)], 0.0194585 secs] [Times: user=0.02 sys=0.00, real=0.02 secs] 
1.870: [GC (CMS Initial Mark) [1 CMS-initial-mark: 6747K(6848K)] 9345K(9920K), 0.0035067 secs] [Times: user=0.02 sys=0.00, real=0.00 secs] 
1.874: [CMS-concurrent-mark-start]
1.881: [CMS-concurrent-mark: 0.008/0.008 secs] [Times: user=0.00 sys=0.00, real=0.01 secs] 
1.881: [CMS-concurrent-preclean-start]
1.893: [CMS-concurrent-preclean: 0.006/0.011 secs] [Times: user=0.02 sys=0.00, real=0.01 secs] 
1.893: [CMS-concurrent-abortable-preclean-start]
1.893: [CMS-concurrent-abortable-preclean: 0.000/0.000 secs] [Times: user=0.00 sys=0.00, real=0.00 secs] 
1.893: [GC (CMS Final Remark) [YG occupancy: 3072 K (3072 K)]1.893: [Rescan (parallel) , 0.0038372 secs]1.897: [weak refs processing, 0.0000184 secs]1.897: [class unloading, 0.0003788 secs]1.897: [scrub symbol table, 0.0004464 secs]1.898: [scrub string table, 0.0001104 secs][1 CMS-remark: 6828K(6848K)] 9900K(9920K), 0.0049107 secs] [Times: user=0.00 sys=0.00, real=0.01 secs] 
1.898: [CMS-concurrent-sweep-start]
1.899: [Full GC (Allocation Failure) 1.899: [CMS1.901: [CMS-concurrent-sweep: 0.002/0.003 secs] [Times: user=0.00 sys=0.00, real=0.00 secs] 
 (concurrent mode failure): 6847K->6756K(6848K), 0.0270918 secs] 9919K->9371K(9920K), [Metaspace: 3864K->3864K(1056768K)], 0.0271613 secs] [Times: user=0.02 sys=0.00, real=0.03 secs] 
1.939: [Full GC (Allocation Failure) 1.939: [CMS: 6847K->6765K(6848K), 0.0143591 secs] 9919K->9409K(9920K), [Metaspace: 3864K->3864K(1056768K)], 0.0144399 secs] [Times: user=0.01 sys=0.00, real=0.02 secs] 
1.953: [GC (CMS Initial Mark) [1 CMS-initial-mark: 6765K(6848K)] 9422K(9920K), 0.0038680 secs] [Times: user=0.00 sys=0.00, real=0.00 secs] 
1.957: [CMS-concurrent-mark-start]
1.968: [Full GC (Allocation Failure) 1.968: [CMS1.969: [CMS-concurrent-mark: 0.008/0.012 secs] [Times: user=0.05 sys=0.00, real=0.01 secs] 
 (concurrent mode failure): 6847K->6772K(6848K), 0.0157947 secs] 9919K->9445K(9920K), [Metaspace: 3864K->3864K(1056768K)], 0.0158712 secs] [Times: user=0.02 sys=0.00, real=0.02 secs] 
1.996: [Full GC (Allocation Failure) 1.996: [CMS: 6847K->6779K(6848K), 0.0152115 secs] 9919K->9477K(9920K), [Metaspace: 3864K->3864K(1056768K)], 0.0152829 secs] [Times: user=0.02 sys=0.00, real=0.02 secs] 
2.011: [GC (CMS Initial Mark) [1 CMS-initial-mark: 6779K(6848K)] 9488K(9920K), 0.0033602 secs] [Times: user=0.02 sys=0.00, real=0.00 secs] 
2.015: [CMS-concurrent-mark-start]
2.023: [CMS-concurrent-mark: 0.008/0.008 secs] [Times: user=0.00 sys=0.00, real=0.01 secs] 
2.023: [CMS-concurrent-preclean-start]
2.029: [Full GC (Allocation Failure) 2.029: [CMS2.031: [CMS-concurrent-preclean: 0.005/0.008 secs] [Times: user=0.02 sys=0.00, real=0.01 secs] 
 (concurrent mode failure): 6847K->6786K(6848K), 0.0162654 secs] 9919K->9508K(9920K), [Metaspace: 3864K->3864K(1056768K)], 0.0163794 secs] [Times: user=0.01 sys=0.00, real=0.02 secs] 
2.051: [Full GC (Allocation Failure) 2.051: [CMS: 6847K->6791K(6848K), 0.0130227 secs] 9919K->9536K(9920K), [Metaspace: 3864K->3864K(1056768K)], 0.0130843 secs] [Times: user=0.02 sys=0.00, real=0.01 secs] 
2.065: [GC (CMS Initial Mark) [1 CMS-initial-mark: 6791K(6848K)] 9543K(9920K), 0.0033266 secs] [Times: user=0.00 sys=0.00, real=0.00 secs] 
2.068: [CMS-concurrent-mark-start]
2.076: [Full GC (Allocation Failure) 2.076: [CMS2.079: [CMS-concurrent-mark: 0.007/0.011 secs] [Times: user=0.03 sys=0.01, real=0.01 secs] 
 (concurrent mode failure): 6847K->6797K(6848K), 0.0154052 secs] 9919K->9563K(9920K), [Metaspace: 3864K->3864K(1056768K)], 0.0154685 secs] [Times: user=0.02 sys=0.00, real=0.02 secs] 
2.099: [Full GC (Allocation Failure) 2.099: [CMS: 6847K->6801K(6848K), 0.0166616 secs] 9919K->9587K(9920K), [Metaspace: 3864K->3864K(1056768K)], 0.0167473 secs] [Times: user=0.02 sys=0.00, real=0.02 secs] 
2.116: [GC (CMS Initial Mark) [1 CMS-initial-mark: 6801K(6848K)] 9587K(9920K), 0.0035178 secs] [Times: user=0.00 sys=0.00, real=0.00 secs] 
2.119: [CMS-concurrent-mark-start]
2.128: [CMS-concurrent-mark: 0.008/0.008 secs] [Times: user=0.03 sys=0.02, real=0.01 secs] 
2.128: [CMS-concurrent-preclean-start]
2.132: [Full GC (Allocation Failure) 2.132: [CMS2.136: [CMS-concurrent-preclean: 0.006/0.009 secs] [Times: user=0.00 sys=0.00, real=0.01 secs] 
 (concurrent mode failure): 6847K->6806K(6848K), 0.0183492 secs] 9919K->9610K(9920K), [Metaspace: 3864K->3864K(1056768K)], 0.0184230 secs] [Times: user=0.01 sys=0.00, real=0.02 secs] 
2.156: [Full GC (Allocation Failure) 2.156: [CMS: 6848K->6810K(6848K), 0.0139173 secs] 9919K->9631K(9920K), [Metaspace: 3864K->3864K(1056768K)], 0.0139880 secs] [Times: user=0.01 sys=0.00, real=0.01 secs] 
2.170: [GC (CMS Initial Mark) [1 CMS-initial-mark: 6810K(6848K)] 9631K(9920K), 0.0033818 secs] [Times: user=0.00 sys=0.00, real=0.00 secs] 
2.174: [CMS-concurrent-mark-start]
2.179: [Full GC (Allocation Failure) 2.180: [CMS2.181: [CMS-concurrent-mark: 0.006/0.008 secs] [Times: user=0.00 sys=0.00, real=0.01 secs] 
 (concurrent mode failure): 6847K->6813K(6848K), 0.0148189 secs] 9919K->9651K(9920K), [Metaspace: 3864K->3864K(1056768K)], 0.0148969 secs] [Times: user=0.02 sys=0.00, real=0.02 secs] 
2.199: [Full GC (Allocation Failure) 2.199: [CMS: 6847K->6816K(6848K), 0.0129694 secs] 9919K->9669K(9920K), [Metaspace: 3864K->3864K(1056768K)], 0.0130469 secs] [Times: user=0.02 sys=0.00, real=0.01 secs] 
2.212: [GC (CMS Initial Mark) [1 CMS-initial-mark: 6816K(6848K)] 9669K(9920K), 0.0033021 secs] [Times: user=0.02 sys=0.00, real=0.00 secs] 
2.215: [CMS-concurrent-mark-start]
2.221: [Full GC (Allocation Failure) 2.221: [CMS2.223: [CMS-concurrent-mark: 0.006/0.007 secs] [Times: user=0.00 sys=0.00, real=0.01 secs] 
 (concurrent mode failure): 6848K->6819K(6848K), 0.0147268 secs] 9919K->9686K(9920K), [Metaspace: 3864K->3864K(1056768K)], 0.0148000 secs] [Times: user=0.02 sys=0.00, real=0.01 secs] 
2.240: [Full GC (Allocation Failure) 2.240: [CMS: 6847K->6822K(6848K), 0.0126655 secs] 9919K->9702K(9920K), [Metaspace: 3864K->3864K(1056768K)], 0.0127288 secs] [Times: user=0.02 sys=0.00, real=0.01 secs] 
2.253: [GC (CMS Initial Mark) [1 CMS-initial-mark: 6822K(6848K)] 9703K(9920K), 0.0033120 secs] [Times: user=0.00 sys=0.00, real=0.00 secs] 
2.256: [CMS-concurrent-mark-start]
2.261: [Full GC (Allocation Failure) 2.261: [CMS2.263: [CMS-concurrent-mark: 0.006/0.007 secs] [Times: user=0.03 sys=0.00, real=0.01 secs] 
 (concurrent mode failure): 6847K->6824K(6848K), 0.0150484 secs] 9919K->9717K(9920K), [Metaspace: 3864K->3864K(1056768K)], 0.0151202 secs] [Times: user=0.03 sys=0.00, real=0.02 secs] 
2.279: [Full GC (Allocation Failure) 2.279: [CMS: 6847K->6826K(6848K), 0.0131908 secs] 9919K->9731K(9920K), [Metaspace: 3864K->3864K(1056768K)], 0.0132569 secs] [Times: user=0.00 sys=0.00, real=0.01 secs] 
2.293: [GC (CMS Initial Mark) [1 CMS-initial-mark: 6826K(6848K)] 9731K(9920K), 0.0036637 secs] [Times: user=0.02 sys=0.00, real=0.00 secs] 
2.297: [CMS-concurrent-mark-start]
2.301: [Full GC (Allocation Failure) 2.301: [CMS2.306: [CMS-concurrent-mark: 0.008/0.009 secs] [Times: user=0.00 sys=0.00, real=0.01 secs] 
 (concurrent mode failure): 6847K->6828K(6848K), 0.0185916 secs] 9919K->9743K(9920K), [Metaspace: 3864K->3864K(1056768K)], 0.0186727 secs] [Times: user=0.02 sys=0.00, real=0.02 secs] 
2.323: [Full GC (Allocation Failure) 2.323: [CMS: 6847K->6830K(6848K), 0.0133391 secs] 9919K->9755K(9920K), [Metaspace: 3864K->3864K(1056768K)], 0.0134342 secs] [Times: user=0.02 sys=0.00, real=0.01 secs] 
2.336: [GC (CMS Initial Mark) [1 CMS-initial-mark: 6830K(6848K)] 9755K(9920K), 0.0033536 secs] [Times: user=0.00 sys=0.00, real=0.00 secs] 
2.340: [CMS-concurrent-mark-start]
2.343: [Full GC (Allocation Failure) 2.343: [CMS2.347: [CMS-concurrent-mark: 0.006/0.007 secs] [Times: user=0.03 sys=0.01, real=0.01 secs] 
 (concurrent mode failure): 6847K->6832K(6848K), 0.0182852 secs] 9919K->9766K(9920K), [Metaspace: 3864K->3864K(1056768K)], 0.0183579 secs] [Times: user=0.01 sys=0.00, real=0.02 secs] 
2.364: [Full GC (Allocation Failure) 2.364: [CMS: 6847K->6833K(6848K), 0.0130056 secs] 9919K->9777K(9920K), [Metaspace: 3864K->3864K(1056768K)], 0.0130674 secs] [Times: user=0.02 sys=0.00, real=0.01 secs] 
2.377: [GC (CMS Initial Mark) [1 CMS-initial-mark: 6833K(6848K)] 9777K(9920K), 0.0032671 secs] [Times: user=0.00 sys=0.00, real=0.00 secs] 
2.380: [CMS-concurrent-mark-start]
2.383: [Full GC (Allocation Failure) 2.383: [CMS2.388: [CMS-concurrent-mark: 0.006/0.007 secs] [Times: user=0.03 sys=0.00, real=0.01 secs] 
 (concurrent mode failure): 6847K->6834K(6848K), 0.0177789 secs] 9919K->9786K(9920K), [Metaspace: 3864K->3864K(1056768K)], 0.0178606 secs] [Times: user=0.03 sys=0.00, real=0.02 secs] 
2.404: [Full GC (Allocation Failure) 2.404: [CMS: 6847K->6836K(6848K), 0.0129555 secs] 9919K->9795K(9920K), [Metaspace: 3864K->3864K(1056768K)], 0.0130209 secs] [Times: user=0.00 sys=0.00, real=0.01 secs] 
2.417: [GC (CMS Initial Mark) [1 CMS-initial-mark: 6836K(6848K)] 9795K(9920K), 0.0032131 secs] [Times: user=0.02 sys=0.00, real=0.00 secs] 
2.420: [CMS-concurrent-mark-start]
2.423: [Full GC (Allocation Failure) 2.423: [CMS2.428: [CMS-concurrent-mark: 0.006/0.008 secs] [Times: user=0.00 sys=0.00, real=0.01 secs] 
 (concurrent mode failure): 6847K->6837K(6848K), 0.0189506 secs] 9919K->9804K(9920K), [Metaspace: 3864K->3864K(1056768K)], 0.0190367 secs] [Times: user=0.02 sys=0.00, real=0.02 secs] 
2.444: [Full GC (Allocation Failure) 2.444: [CMS: 6847K->6838K(6848K), 0.0130895 secs] 9919K->9811K(9920K), [Metaspace: 3864K->3864K(1056768K)], 0.0131541 secs] [Times: user=0.02 sys=0.00, real=0.01 secs] 
2.457: [GC (CMS Initial Mark) [1 CMS-initial-mark: 6838K(6848K)] 9811K(9920K), 0.0032792 secs] [Times: user=0.00 sys=0.00, real=0.00 secs] 
2.461: [CMS-concurrent-mark-start]
2.462: [Full GC (Allocation Failure) 2.462: [CMS2.468: [CMS-concurrent-mark: 0.006/0.007 secs] [Times: user=0.03 sys=0.00, real=0.01 secs] 
 (concurrent mode failure): 6847K->6838K(6848K), 0.0188237 secs] 9919K->9818K(9920K), [Metaspace: 3864K->3864K(1056768K)], 0.0188878 secs] [Times: user=0.05 sys=0.00, real=0.02 secs] 
2.483: [Full GC (Allocation Failure) 2.483: [CMS: 6846K->6839K(6848K), 0.0145539 secs] 9918K->9825K(9920K), [Metaspace: 3864K->3864K(1056768K)], 0.0146413 secs] [Times: user=0.01 sys=0.00, real=0.01 secs] 
2.498: [GC (CMS Initial Mark) [1 CMS-initial-mark: 6839K(6848K)] 9827K(9920K), 0.0036369 secs] [Times: user=0.00 sys=0.00, real=0.00 secs] 
2.502: [CMS-concurrent-mark-start]
2.504: [Full GC (Allocation Failure) 2.504: [CMS2.510: [CMS-concurrent-mark: 0.006/0.008 secs] [Times: user=0.00 sys=0.00, real=0.01 secs] 
 (concurrent mode failure): 6848K->6840K(6848K), 0.0192665 secs] 9919K->9831K(9920K), [Metaspace: 3864K->3864K(1056768K)], 0.0193422 secs] [Times: user=0.02 sys=0.00, real=0.02 secs] 
2.525: [Full GC (Allocation Failure) 2.525: [CMS: 6846K->6841K(6848K), 0.0134035 secs] 9918K->9837K(9920K), [Metaspace: 3864K->3864K(1056768K)], 0.0135300 secs] [Times: user=0.02 sys=0.00, real=0.01 secs] 
2.538: [GC (CMS Initial Mark) [1 CMS-initial-mark: 6841K(6848K)] 9837K(9920K), 0.0035051 secs] [Times: user=0.00 sys=0.00, real=0.00 secs] 
2.542: [CMS-concurrent-mark-start]
2.544: [Full GC (Allocation Failure) 2.544: [CMS2.550: [CMS-concurrent-mark: 0.006/0.007 secs] [Times: user=0.05 sys=0.00, real=0.01 secs] 
 (concurrent mode failure): 6847K->6841K(6848K), 0.0190924 secs] 9919K->9843K(9920K), [Metaspace: 3864K->3864K(1056768K)], 0.0191607 secs] [Times: user=0.01 sys=0.00, real=0.02 secs] 
2.564: [Full GC (Allocation Failure) 2.564: [CMS: 6847K->6842K(6848K), 0.0131087 secs] 9919K->9848K(9920K), [Metaspace: 3864K->3864K(1056768K)], 0.0131744 secs] [Times: user=0.02 sys=0.00, real=0.01 secs] 
2.578: [GC (CMS Initial Mark) [1 CMS-initial-mark: 6842K(6848K)] 9848K(9920K), 0.0033807 secs] [Times: user=0.00 sys=0.00, real=0.00 secs] 
2.581: [CMS-concurrent-mark-start]
2.583: [Full GC (Allocation Failure) 2.583: [CMS2.589: [CMS-concurrent-mark: 0.006/0.008 secs] [Times: user=0.00 sys=0.00, real=0.01 secs] 
 (concurrent mode failure): 6847K->6842K(6848K), 0.0196080 secs] 9919K->9853K(9920K), [Metaspace: 3864K->3864K(1056768K)], 0.0196768 secs] [Times: user=0.01 sys=0.00, real=0.02 secs] 
2.604: [Full GC (Allocation Failure) 2.604: [CMS: 6847K->6843K(6848K), 0.0130302 secs] 9919K->9857K(9920K), [Metaspace: 3864K->3864K(1056768K)], 0.0130924 secs] [Times: user=0.02 sys=0.00, real=0.01 secs] 
2.617: [GC (CMS Initial Mark) [1 CMS-initial-mark: 6843K(6848K)] 9857K(9920K), 0.0033379 secs] [Times: user=0.00 sys=0.00, real=0.00 secs] 
2.620: [CMS-concurrent-mark-start]
2.621: [Full GC (Allocation Failure) 2.621: [CMS2.627: [CMS-concurrent-mark: 0.006/0.007 secs] [Times: user=0.02 sys=0.00, real=0.01 secs] 
 (concurrent mode failure): 6847K->6843K(6848K), 0.0190818 secs] 9919K->9861K(9920K), [Metaspace: 3864K->3864K(1056768K)], 0.0191546 secs] [Times: user=0.02 sys=0.00, real=0.02 secs] 
2.642: [Full GC (Allocation Failure) 2.642: [CMS: 6847K->6844K(6848K), 0.0132098 secs] 9919K->9865K(9920K), [Metaspace: 3864K->3864K(1056768K)], 0.0132716 secs] [Times: user=0.02 sys=0.00, real=0.01 secs] 
2.655: [GC (CMS Initial Mark) [1 CMS-initial-mark: 6844K(6848K)] 9865K(9920K), 0.0032592 secs] [Times: user=0.00 sys=0.00, real=0.00 secs] 
2.658: [CMS-concurrent-mark-start]
2.659: [Full GC (Allocation Failure) 2.659: [CMS2.665: [CMS-concurrent-mark: 0.006/0.007 secs] [Times: user=0.00 sys=0.00, real=0.01 secs] 
 (concurrent mode failure): 6847K->6844K(6848K), 0.0189095 secs] 9919K->9869K(9920K), [Metaspace: 3864K->3864K(1056768K)], 0.0189757 secs] [Times: user=0.02 sys=0.00, real=0.02 secs] 
2.679: [Full GC (Allocation Failure) 2.679: [CMS: 6847K->6844K(6848K), 0.0131585 secs] 9919K->9872K(9920K), [Metaspace: 3864K->3864K(1056768K)], 0.0132302 secs] [Times: user=0.01 sys=0.00, real=0.01 secs] 
2.693: [GC (CMS Initial Mark) [1 CMS-initial-mark: 6844K(6848K)] 9872K(9920K), 0.0033559 secs] [Times: user=0.00 sys=0.00, real=0.00 secs] 
2.696: [CMS-concurrent-mark-start]
2.697: [Full GC (Allocation Failure) 2.697: [CMS2.704: [CMS-concurrent-mark: 0.007/0.008 secs] [Times: user=0.03 sys=0.00, real=0.01 secs] 
 (concurrent mode failure): 6847K->6845K(6848K), 0.0226573 secs] 9919K->9875K(9920K), [Metaspace: 3864K->3864K(1056768K)], 0.0227161 secs] [Times: user=0.05 sys=0.00, real=0.02 secs] 
2.721: [Full GC (Allocation Failure) 2.721: [CMS: 6847K->6845K(6848K), 0.0137208 secs] 9919K->9878K(9920K), [Metaspace: 3864K->3864K(1056768K)], 0.0137838 secs] [Times: user=0.02 sys=0.00, real=0.01 secs] 
2.734: [GC (CMS Initial Mark) [1 CMS-initial-mark: 6845K(6848K)] 9878K(9920K), 0.0032784 secs] [Times: user=0.00 sys=0.00, real=0.00 secs] 
2.738: [CMS-concurrent-mark-start]
2.739: [Full GC (Allocation Failure) 2.739: [CMS2.745: [CMS-concurrent-mark: 0.006/0.007 secs] [Times: user=0.00 sys=0.00, real=0.01 secs] 
 (concurrent mode failure): 6847K->6845K(6848K), 0.0207946 secs] 9919K->9881K(9920K), [Metaspace: 3864K->3864K(1056768K)], 0.0208710 secs] [Times: user=0.02 sys=0.00, real=0.02 secs] 
2.761: [Full GC (Allocation Failure) 2.761: [CMS: 6847K->6845K(6848K), 0.0137542 secs] 9919K->9883K(9920K), [Metaspace: 3864K->3864K(1056768K)], 0.0138264 secs] [Times: user=0.02 sys=0.00, real=0.01 secs] 
2.775: [GC (CMS Initial Mark) [1 CMS-initial-mark: 6845K(6848K)] 9883K(9920K), 0.0033294 secs] [Times: user=0.02 sys=0.00, real=0.00 secs] 
2.778: [CMS-concurrent-mark-start]
2.779: [Full GC (Allocation Failure) 2.779: [CMS2.786: [CMS-concurrent-mark: 0.006/0.008 secs] [Times: user=0.00 sys=0.00, real=0.01 secs] 
 (concurrent mode failure): 6847K->6845K(6848K), 0.0211184 secs] 9919K->9886K(9920K), [Metaspace: 3864K->3864K(1056768K)], 0.0211824 secs] [Times: user=0.01 sys=0.00, real=0.02 secs] 
2.800: [Full GC (Allocation Failure) 2.800: [CMS: 6847K->6846K(6848K), 0.0131253 secs] 9919K->9888K(9920K), [Metaspace: 3864K->3864K(1056768K)], 0.0131899 secs] [Times: user=0.02 sys=0.00, real=0.01 secs] 
2.814: [GC (CMS Initial Mark) [1 CMS-initial-mark: 6846K(6848K)] 9889K(9920K), 0.0035794 secs] [Times: user=0.00 sys=0.00, real=0.00 secs] 
2.817: [CMS-concurrent-mark-start]
2.818: [Full GC (Allocation Failure) 2.818: [CMS2.825: [CMS-concurrent-mark: 0.006/0.007 secs] [Times: user=0.03 sys=0.00, real=0.01 secs] 
 (concurrent mode failure): 6847K->6846K(6848K), 0.0197226 secs] 9919K->9890K(9920K), [Metaspace: 3864K->3864K(1056768K)], 0.0197827 secs] [Times: user=0.03 sys=0.00, real=0.02 secs] 
2.839: [Full GC (Allocation Failure) 2.839: [CMS: 6847K->6846K(6848K), 0.0132119 secs] 9919K->9892K(9920K), [Metaspace: 3864K->3864K(1056768K)], 0.0132729 secs] [Times: user=0.02 sys=0.00, real=0.01 secs] 
2.852: [GC (CMS Initial Mark) [1 CMS-initial-mark: 6846K(6848K)] 9892K(9920K), 0.0033217 secs] [Times: user=0.02 sys=0.00, real=0.00 secs] 
2.855: [CMS-concurrent-mark-start]
2.856: [Full GC (Allocation Failure) 2.856: [CMS2.862: [CMS-concurrent-mark: 0.006/0.007 secs] [Times: user=0.00 sys=0.00, real=0.01 secs] 
 (concurrent mode failure): 6847K->6846K(6848K), 0.0201075 secs] 9919K->9894K(9920K), [Metaspace: 3864K->3864K(1056768K)], 0.0202017 secs] [Times: user=0.02 sys=0.00, real=0.02 secs] 
2.877: [Full GC (Allocation Failure) 2.877: [CMS: 6848K->6846K(6848K), 0.0151076 secs] 9919K->9896K(9920K), [Metaspace: 3864K->3864K(1056768K)], 0.0151641 secs] [Times: user=0.02 sys=0.00, real=0.02 secs] 
2.892: [GC (CMS Initial Mark) [1 CMS-initial-mark: 6846K(6848K)] 9896K(9920K), 0.0033631 secs] [Times: user=0.00 sys=0.00, real=0.00 secs] 
2.895: [CMS-concurrent-mark-start]
2.896: [Full GC (Allocation Failure) 2.896: [CMS2.903: [CMS-concurrent-mark: 0.006/0.007 secs] [Times: user=0.03 sys=0.00, real=0.01 secs] 
 (concurrent mode failure): 6848K->6846K(6848K), 0.0196863 secs] 9919K->9897K(9920K), [Metaspace: 3864K->3864K(1056768K)], 0.0197525 secs] [Times: user=0.03 sys=0.00, real=0.02 secs] 
2.917: [Full GC (Allocation Failure) 2.917: [CMS: 6848K->6846K(6848K), 0.0138625 secs] 9919K->9899K(9920K), [Metaspace: 3864K->3864K(1056768K)], 0.0139366 secs] [Times: user=0.01 sys=0.00, real=0.01 secs] 
2.931: [GC (CMS Initial Mark) [1 CMS-initial-mark: 6846K(6848K)] 9900K(9920K), 0.0034108 secs] [Times: user=0.02 sys=0.00, real=0.00 secs] 
2.934: [CMS-concurrent-mark-start]
2.935: [Full GC (Allocation Failure) 2.935: [CMS2.942: [CMS-concurrent-mark: 0.006/0.008 secs] [Times: user=0.00 sys=0.00, real=0.01 secs] 
 (concurrent mode failure): 6848K->6846K(6848K), 0.0204405 secs] 9919K->9900K(9920K), [Metaspace: 3864K->3864K(1056768K)], 0.0205151 secs] [Times: user=0.02 sys=0.00, real=0.02 secs] 
2.956: [Full GC (Allocation Failure) 2.956: [CMS: 6847K->6847K(6848K), 0.0135772 secs] 9919K->9901K(9920K), [Metaspace: 3864K->3864K(1056768K)], 0.0136593 secs] [Times: user=0.02 sys=0.00, real=0.01 secs] 
2.970: [GC (CMS Initial Mark) [1 CMS-initial-mark: 6847K(6848K)] 9903K(9920K), 0.0034533 secs] [Times: user=0.00 sys=0.00, real=0.00 secs] 
2.973: [CMS-concurrent-mark-start]
2.974: [Full GC (Allocation Failure) 2.974: [CMS2.981: [CMS-concurrent-mark: 0.006/0.008 secs] [Times: user=0.03 sys=0.00, real=0.01 secs] 
 (concurrent mode failure): 6847K->6847K(6848K), 0.0237305 secs] 9919K->9902K(9920K), [Metaspace: 3864K->3864K(1056768K)], 0.0238010 secs] [Times: user=0.05 sys=0.00, real=0.02 secs] 
2.998: [Full GC (Allocation Failure) 2.998: [CMS: 6847K->6847K(6848K), 0.0136700 secs] 9919K->9904K(9920K), [Metaspace: 3864K->3864K(1056768K)], 0.0137338 secs] [Times: user=0.00 sys=0.00, real=0.01 secs] 
3.012: [GC (CMS Initial Mark) [1 CMS-initial-mark: 6847K(6848K)] 9904K(9920K), 0.0033402 secs] [Times: user=0.03 sys=0.00, real=0.00 secs] 
3.015: [CMS-concurrent-mark-start]
3.016: [Full GC (Allocation Failure) 3.016: [CMS3.023: [CMS-concurrent-mark: 0.006/0.008 secs] [Times: user=0.00 sys=0.00, real=0.01 secs] 
 (concurrent mode failure): 6847K->6847K(6848K), 0.0204353 secs] 9919K->9905K(9920K), [Metaspace: 3864K->3864K(1056768K)], 0.0204994 secs] [Times: user=0.02 sys=0.00, real=0.02 secs] 
3.037: [Full GC (Allocation Failure) 3.037: [CMS: 6847K->6847K(6848K), 0.0130466 secs] 9919K->9906K(9920K), [Metaspace: 3864K->3864K(1056768K)], 0.0131081 secs] [Times: user=0.02 sys=0.00, real=0.01 secs] 
3.050: [GC (CMS Initial Mark) [1 CMS-initial-mark: 6847K(6848K)] 9906K(9920K), 0.0033570 secs] [Times: user=0.00 sys=0.00, real=0.00 secs] 
3.053: [CMS-concurrent-mark-start]
3.054: [Full GC (Allocation Failure) 3.054: [CMS3.061: [CMS-concurrent-mark: 0.006/0.007 secs] [Times: user=0.03 sys=0.00, real=0.01 secs] 
 (concurrent mode failure): 6847K->6847K(6848K), 0.0202402 secs] 9919K->9907K(9920K), [Metaspace: 3864K->3864K(1056768K)], 0.0203044 secs] [Times: user=0.03 sys=0.00, real=0.02 secs] 
3.074: [Full GC (Allocation Failure) 3.074: [CMS: 6847K->6847K(6848K), 0.0132852 secs] 9919K->9907K(9920K), [Metaspace: 3864K->3864K(1056768K)], 0.0133596 secs] [Times: user=0.00 sys=0.00, real=0.01 secs] 
3.088: [GC (CMS Initial Mark) [1 CMS-initial-mark: 6847K(6848K)] 9907K(9920K), 0.0033172 secs] [Times: user=0.02 sys=0.00, real=0.00 secs] 
3.091: [CMS-concurrent-mark-start]
3.092: [Full GC (Allocation Failure) 3.092: [CMS3.099: [CMS-concurrent-mark: 0.006/0.008 secs] [Times: user=0.00 sys=0.00, real=0.01 secs] 
 (concurrent mode failure): 6847K->6847K(6848K), 0.0210914 secs] 9919K->9908K(9920K), [Metaspace: 3864K->3864K(1056768K)], 0.0211550 secs] [Times: user=0.01 sys=0.00, real=0.02 secs] 
3.113: [Full GC (Allocation Failure) 3.113: [CMS: 6847K->6847K(6848K), 0.0131505 secs] 9919K->9909K(9920K), [Metaspace: 3864K->3864K(1056768K)], 0.0132200 secs] [Times: user=0.02 sys=0.00, real=0.01 secs] 
3.126: [GC (CMS Initial Mark) [1 CMS-initial-mark: 6847K(6848K)] 9909K(9920K), 0.0035141 secs] [Times: user=0.00 sys=0.00, real=0.00 secs] 
3.130: [CMS-concurrent-mark-start]
3.130: [Full GC (Allocation Failure) 3.130: [CMS3.138: [CMS-concurrent-mark: 0.006/0.008 secs] [Times: user=0.03 sys=0.00, real=0.01 secs] 
 (concurrent mode failure): 6848K->6847K(6848K), 0.0213530 secs] 9919K->9910K(9920K), [Metaspace: 3864K->3864K(1056768K)], 0.0214183 secs] [Times: user=0.03 sys=0.00, real=0.02 secs] 
3.152: [Full GC (Allocation Failure) 3.152: [CMS: 6847K->6847K(6848K), 0.0131781 secs] 9919K->9910K(9920K), [Metaspace: 3864K->3864K(1056768K)], 0.0132441 secs] [Times: user=0.02 sys=0.00, real=0.01 secs] 
3.165: [GC (CMS Initial Mark) [1 CMS-initial-mark: 6847K(6848K)] 9910K(9920K), 0.0032493 secs] [Times: user=0.02 sys=0.00, real=0.00 secs] 
3.169: [CMS-concurrent-mark-start]
3.169: [Full GC (Allocation Failure) 3.169: [CMS3.176: [CMS-concurrent-mark: 0.006/0.008 secs] [Times: user=0.00 sys=0.00, real=0.01 secs] 
 (concurrent mode failure): 6847K->6847K(6848K), 0.0218948 secs] 9919K->9911K(9920K), [Metaspace: 3864K->3864K(1056768K)], 0.0219591 secs] [Times: user=0.02 sys=0.00, real=0.02 secs] 
3.191: [Full GC (Allocation Failure) 3.191: [CMS: 6847K->6847K(6848K), 0.0132632 secs] 9919K->9911K(9920K), [Metaspace: 3864K->3864K(1056768K)], 0.0133319 secs] [Times: user=0.02 sys=0.00, real=0.01 secs] 
3.205: [GC (CMS Initial Mark) [1 CMS-initial-mark: 6847K(6848K)] 9912K(9920K), 0.0036620 secs] [Times: user=0.00 sys=0.00, real=0.00 secs] 
3.209: [CMS-concurrent-mark-start]
3.209: [Full GC (Allocation Failure) 3.209: [CMS3.216: [CMS-concurrent-mark: 0.006/0.007 secs] [Times: user=0.03 sys=0.00, real=0.01 secs] 
 (concurrent mode failure): 6847K->6847K(6848K), 0.0206959 secs] 9919K->9912K(9920K), [Metaspace: 3864K->3864K(1056768K)], 0.0207679 secs] [Times: user=0.03 sys=0.00, real=0.02 secs] 
3.230: [Full GC (Allocation Failure) 3.230: [CMS: 6847K->6847K(6848K), 0.0134031 secs] 9919K->9912K(9920K), [Metaspace: 3864K->3864K(1056768K)], 0.0134724 secs] [Times: user=0.01 sys=0.00, real=0.01 secs] 
3.243: [GC (CMS Initial Mark) [1 CMS-initial-mark: 6847K(6848K)] 9913K(9920K), 0.0033555 secs] [Times: user=0.02 sys=0.00, real=0.00 secs] 
3.247: [CMS-concurrent-mark-start]
3.247: [Full GC (Allocation Failure) 3.247: [CMS3.254: [CMS-concurrent-mark: 0.006/0.007 secs] [Times: user=0.00 sys=0.00, real=0.01 secs] 
 (concurrent mode failure): 6847K->6847K(6848K), 0.0226257 secs] 9919K->9913K(9920K), [Metaspace: 3864K->3864K(1056768K)], 0.0226900 secs] [Times: user=0.02 sys=0.00, real=0.02 secs] 
3.270: [Full GC (Allocation Failure) 3.270: [CMS: 6847K->6847K(6848K), 0.0131043 secs] 9919K->9913K(9920K), [Metaspace: 3864K->3864K(1056768K)], 0.0131582 secs] [Times: user=0.02 sys=0.00, real=0.01 secs] 
3.283: [GC (CMS Initial Mark) [1 CMS-initial-mark: 6847K(6848K)] 9913K(9920K), 0.0040826 secs] [Times: user=0.00 sys=0.00, real=0.00 secs] 
3.287: [CMS-concurrent-mark-start]
3.288: [Full GC (Allocation Failure) 3.288: [CMS3.295: [CMS-concurrent-mark: 0.006/0.008 secs] [Times: user=0.03 sys=0.00, real=0.01 secs] 
 (concurrent mode failure): 6847K->6847K(6848K), 0.0208024 secs] 9919K->9914K(9920K), [Metaspace: 3864K->3864K(1056768K)], 0.0208654 secs] [Times: user=0.05 sys=0.00, real=0.02 secs] 
3.309: [Full GC (Allocation Failure) 3.309: [CMS: 6847K->6847K(6848K), 0.0137750 secs] 9919K->9914K(9920K), [Metaspace: 3864K->3864K(1056768K)], 0.0138364 secs] [Times: user=0.00 sys=0.00, real=0.01 secs] 
3.323: [GC (CMS Initial Mark) [1 CMS-initial-mark: 6847K(6848K)] 9914K(9920K), 0.0032755 secs] [Times: user=0.02 sys=0.00, real=0.00 secs] 
3.326: [CMS-concurrent-mark-start]
3.326: [Full GC (Allocation Failure) 3.326: [CMS3.333: [CMS-concurrent-mark: 0.006/0.007 secs] [Times: user=0.00 sys=0.00, real=0.01 secs] 
 (concurrent mode failure): 6847K->6847K(6848K), 0.0213847 secs] 9919K->9914K(9920K), [Metaspace: 3864K->3864K(1056768K)], 0.0214603 secs] [Times: user=0.01 sys=0.00, real=0.02 secs] 
3.348: [Full GC (Allocation Failure) 3.348: [CMS: 6847K->6847K(6848K), 0.0137113 secs] 9919K->9915K(9920K), [Metaspace: 3864K->3864K(1056768K)], 0.0137779 secs] [Times: user=0.02 sys=0.00, real=0.01 secs] 
3.362: [GC (CMS Initial Mark) [1 CMS-initial-mark: 6847K(6848K)] 9915K(9920K), 0.0032356 secs] [Times: user=0.00 sys=0.00, real=0.00 secs] 
3.365: [CMS-concurrent-mark-start]
3.365: [Full GC (Allocation Failure) 3.365: [CMS3.372: [CMS-concurrent-mark: 0.006/0.007 secs] [Times: user=0.03 sys=0.00, real=0.01 secs] 
 (concurrent mode failure): 6847K->6847K(6848K), 0.0224590 secs] 9919K->9915K(9920K), [Metaspace: 3864K->3864K(1056768K)], 0.0225206 secs] [Times: user=0.05 sys=0.00, real=0.02 secs] 
3.388: [Full GC (Allocation Failure) 3.388: [CMS: 6847K->6847K(6848K), 0.0140443 secs] 9919K->9915K(9920K), [Metaspace: 3864K->3864K(1056768K)], 0.0141179 secs] [Times: user=0.00 sys=0.00, real=0.01 secs] 
3.402: [GC (CMS Initial Mark) [1 CMS-initial-mark: 6847K(6848K)] 9915K(9920K), 0.0037323 secs] [Times: user=0.02 sys=0.00, real=0.00 secs] 
3.406: [CMS-concurrent-mark-start]
3.406: [Full GC (Allocation Failure) 3.406: [CMS3.415: [CMS-concurrent-mark: 0.007/0.009 secs] [Times: user=0.00 sys=0.00, real=0.01 secs] 
 (concurrent mode failure): 6847K->6847K(6848K), 0.0229469 secs] 9919K->9916K(9920K), [Metaspace: 3864K->3864K(1056768K)], 0.0230061 secs] [Times: user=0.01 sys=0.00, real=0.02 secs] 
3.430: [Full GC (Allocation Failure) 3.430: [CMS: 6847K->6847K(6848K), 0.0141991 secs] 9919K->9916K(9920K), [Metaspace: 3864K->3864K(1056768K)], 0.0142538 secs] [Times: user=0.02 sys=0.00, real=0.01 secs] 
3.444: [GC (CMS Initial Mark) [1 CMS-initial-mark: 6847K(6848K)] 9917K(9920K), 0.0035066 secs] [Times: user=0.00 sys=0.00, real=0.00 secs] 
3.448: [CMS-concurrent-mark-start]
3.448: [Full GC (Allocation Failure) 3.448: [CMS3.455: [CMS-concurrent-mark: 0.006/0.007 secs] [Times: user=0.00 sys=0.00, real=0.01 secs] 
 (concurrent mode failure): 6847K->6847K(6848K), 0.0206185 secs] 9919K->9916K(9920K), [Metaspace: 3864K->3864K(1056768K)], 0.0206823 secs] [Times: user=0.01 sys=0.00, real=0.02 secs] 
3.469: [Full GC (Allocation Failure) 3.469: [CMS: 6847K->6847K(6848K), 0.0130856 secs] 9919K->9916K(9920K), [Metaspace: 3864K->3864K(1056768K)], 0.0131988 secs] [Times: user=0.02 sys=0.00, real=0.01 secs] 
3.482: [GC (CMS Initial Mark) [1 CMS-initial-mark: 6847K(6848K)] 9916K(9920K), 0.0034313 secs] [Times: user=0.00 sys=0.00, real=0.00 secs] 
3.486: [CMS-concurrent-mark-start]
3.486: [Full GC (Allocation Failure) 3.486: [CMS3.493: [CMS-concurrent-mark: 0.006/0.007 secs] [Times: user=0.00 sys=0.00, real=0.01 secs] 
 (concurrent mode failure): 6847K->6847K(6848K), 0.0219006 secs] 9919K->9917K(9920K), [Metaspace: 3864K->3864K(1056768K)], 0.0219647 secs] [Times: user=0.02 sys=0.00, real=0.02 secs] 
3.508: [Full GC (Allocation Failure) 3.508: [CMS: 6847K->6847K(6848K), 0.0127609 secs] 9919K->9917K(9920K), [Metaspace: 3864K->3864K(1056768K)], 0.0128249 secs] [Times: user=0.02 sys=0.00, real=0.01 secs] 
3.521: [GC (CMS Initial Mark) [1 CMS-initial-mark: 6847K(6848K)] 9917K(9920K), 0.0032688 secs] [Times: user=0.00 sys=0.00, real=0.00 secs] 
3.524: [CMS-concurrent-mark-start]
3.524: [Full GC (Allocation Failure) 3.524: [CMS3.531: [CMS-concurrent-mark: 0.006/0.007 secs] [Times: user=0.03 sys=0.00, real=0.01 secs] 
 (concurrent mode failure): 6847K->6847K(6848K), 0.0263458 secs] 9919K->9917K(9920K), [Metaspace: 3864K->3864K(1056768K)], 0.0264185 secs] [Times: user=0.05 sys=0.00, real=0.03 secs] 
3.551: [Full GC (Allocation Failure) 3.551: [CMS: 6847K->6847K(6848K), 0.0147524 secs] 9919K->9917K(9920K), [Metaspace: 3864K->3864K(1056768K)], 0.0148186 secs] [Times: user=0.02 sys=0.00, real=0.02 secs] 
3.566: [GC (CMS Initial Mark) [1 CMS-initial-mark: 6847K(6848K)] 9917K(9920K), 0.0035285 secs] [Times: user=0.00 sys=0.00, real=0.00 secs] 
3.570: [CMS-concurrent-mark-start]
3.570: [Full GC (Allocation Failure) 3.570: [CMS3.577: [CMS-concurrent-mark: 0.006/0.008 secs] [Times: user=0.03 sys=0.00, real=0.01 secs] 
 (concurrent mode failure): 6847K->6847K(6848K), 0.0212529 secs] 9919K->9917K(9920K), [Metaspace: 3864K->3864K(1056768K)], 0.0213219 secs] [Times: user=0.05 sys=0.00, real=0.02 secs] 
3.591: [Full GC (Allocation Failure) 3.591: [CMS: 6847K->6847K(6848K), 0.0139575 secs] 9919K->9917K(9920K), [Metaspace: 3864K->3864K(1056768K)], 0.0140504 secs] [Times: user=0.02 sys=0.00, real=0.01 secs] 
3.605: [GC (CMS Initial Mark) [1 CMS-initial-mark: 6847K(6848K)] 9917K(9920K), 0.0033162 secs] [Times: user=0.00 sys=0.00, real=0.00 secs] 
3.609: [CMS-concurrent-mark-start]
3.609: [Full GC (Allocation Failure) 3.609: [CMS3.616: [CMS-concurrent-mark: 0.006/0.007 secs] [Times: user=0.00 sys=0.00, real=0.01 secs] 
 (concurrent mode failure): 6847K->6847K(6848K), 0.0208393 secs] 9919K->9917K(9920K), [Metaspace: 3864K->3864K(1056768K)], 0.0209082 secs] [Times: user=0.02 sys=0.00, real=0.02 secs] 
3.630: [Full GC (Allocation Failure) 3.630: [CMS: 6847K->6847K(6848K), 0.0141490 secs] 9919K->9918K(9920K), [Metaspace: 3864K->3864K(1056768K)], 0.0142134 secs] [Times: user=0.02 sys=0.00, real=0.01 secs] 
3.644: [GC (CMS Initial Mark) [1 CMS-initial-mark: 6847K(6848K)] 9918K(9920K), 0.0034786 secs] [Times: user=0.00 sys=0.00, real=0.00 secs] 
3.648: [CMS-concurrent-mark-start]
3.648: [Full GC (Allocation Failure) 3.648: [CMS3.655: [CMS-concurrent-mark: 0.006/0.007 secs] [Times: user=0.03 sys=0.00, real=0.01 secs] 
 (concurrent mode failure): 6847K->6847K(6848K), 0.0203368 secs] 9919K->9918K(9920K), [Metaspace: 3864K->3864K(1056768K)], 0.0203948 secs] [Times: user=0.05 sys=0.00, real=0.02 secs] 
3.669: [Full GC (Allocation Failure) 3.669: [CMS: 6847K->6847K(6848K), 0.0131259 secs] 9919K->9918K(9920K), [Metaspace: 3864K->3864K(1056768K)], 0.0131885 secs] [Times: user=0.00 sys=0.00, real=0.01 secs] 
3.682: [Full GC (Allocation Failure) 3.682: [CMS: 6847K->6847K(6848K), 0.0136150 secs] 9919K->9918K(9920K), [Metaspace: 3864K->3864K(1056768K)], 0.0136760 secs] [Times: user=0.02 sys=0.00, real=0.01 secs] 
3.696: [GC (CMS Initial Mark) [1 CMS-initial-mark: 6847K(6848K)] 9918K(9920K), 0.0033494 secs] [Times: user=0.00 sys=0.02, real=0.00 secs] 
3.699: [CMS-concurrent-mark-start]
3.699: [Full GC (Allocation Failure) 3.699: [CMS3.707: [CMS-concurrent-mark: 0.006/0.008 secs] [Times: user=0.00 sys=0.00, real=0.01 secs] 
 (concurrent mode failure): 6847K->6847K(6848K), 0.0213709 secs] 9919K->9918K(9920K), [Metaspace: 3864K->3864K(1056768K)], 0.0214298 secs] [Times: user=0.02 sys=0.00, real=0.02 secs] 
3.721: [Full GC (Allocation Failure) 3.721: [CMS: 6847K->6847K(6848K), 0.0134445 secs] 9919K->9918K(9920K), [Metaspace: 3864K->3864K(1056768K)], 0.0135069 secs] [Times: user=0.02 sys=0.00, real=0.01 secs] 
3.735: [GC (CMS Initial Mark) [1 CMS-initial-mark: 6847K(6848K)] 9918K(9920K), 0.0033004 secs] [Times: user=0.00 sys=0.00, real=0.00 secs] 
3.738: [CMS-concurrent-mark-start]
3.738: [Full GC (Allocation Failure) 3.738: [CMS3.745: [CMS-concurrent-mark: 0.006/0.007 secs] [Times: user=0.00 sys=0.00, real=0.01 secs] 
 (concurrent mode failure): 6847K->6847K(6848K), 0.0228654 secs] 9919K->9918K(9920K), [Metaspace: 3864K->3864K(1056768K)], 0.0229304 secs] [Times: user=0.02 sys=0.00, real=0.02 secs] 
3.761: [Full GC (Allocation Failure) 3.761: [CMS: 6847K->6847K(6848K), 0.0134580 secs] 9919K->9918K(9920K), [Metaspace: 3864K->3864K(1056768K)], 0.0135256 secs] [Times: user=0.02 sys=0.00, real=0.01 secs] 
3.775: [GC (CMS Initial Mark) [1 CMS-initial-mark: 6847K(6848K)] 9918K(9920K), 0.0032927 secs] [Times: user=0.01 sys=0.00, real=0.00 secs] 
3.778: [CMS-concurrent-mark-start]
3.778: [Full GC (Allocation Failure) 3.778: [CMS3.786: [CMS-concurrent-mark: 0.006/0.008 secs] [Times: user=0.00 sys=0.00, real=0.01 secs] 
 (concurrent mode failure): 6847K->6847K(6848K), 0.0213936 secs] 9919K->9918K(9920K), [Metaspace: 3864K->3864K(1056768K)], 0.0214624 secs] [Times: user=0.02 sys=0.00, real=0.02 secs] 
3.800: [Full GC (Allocation Failure) 3.800: [CMS: 6847K->6847K(6848K), 0.0132764 secs] 9919K->9918K(9920K), [Metaspace: 3864K->3864K(1056768K)], 0.0133416 secs] [Times: user=0.01 sys=0.00, real=0.01 secs] 
3.814: [Full GC (Allocation Failure) 3.814: [CMS: 6847K->6847K(6848K), 0.0137458 secs] 9919K->9919K(9920K), [Metaspace: 3864K->3864K(1056768K)], 0.0138087 secs] [Times: user=0.02 sys=0.00, real=0.01 secs] 
3.828: [GC (CMS Initial Mark) [1 CMS-initial-mark: 6847K(6848K)] 9919K(9920K), 0.0032838 secs] [Times: user=0.00 sys=0.00, real=0.00 secs] 
3.831: [CMS-concurrent-mark-start]
3.831: [Full GC (Allocation Failure) 3.831: [CMS3.840: [CMS-concurrent-mark: 0.008/0.009 secs] [Times: user=0.03 sys=0.00, real=0.01 secs] 
 (concurrent mode failure): 6847K->6847K(6848K), 0.0224745 secs] 9919K->9919K(9920K), [Metaspace: 3864K->3864K(1056768K)], 0.0225395 secs] [Times: user=0.03 sys=0.00, real=0.02 secs] 
3.854: [Full GC (Allocation Failure) 3.854: [CMS: 6847K->6847K(6848K), 0.0133239 secs] 9919K->9919K(9920K), [Metaspace: 3864K->3864K(1056768K)], 0.0133900 secs] [Times: user=0.02 sys=0.00, real=0.01 secs] 
3.867: [GC (CMS Initial Mark) [1 CMS-initial-mark: 6847K(6848K)] 9919K(9920K), 0.0034608 secs] [Times: user=0.00 sys=0.00, real=0.00 secs] 
3.871: [CMS-concurrent-mark-start]
3.871: [Full GC (Allocation Failure) 3.871: [CMS3.878: [CMS-concurrent-mark: 0.006/0.008 secs] [Times: user=0.00 sys=0.02, real=0.01 secs] 
 (concurrent mode failure): 6847K->6847K(6848K), 0.0208867 secs] 9919K->9919K(9920K), [Metaspace: 3864K->3864K(1056768K)], 0.0209696 secs] [Times: user=0.02 sys=0.00, real=0.02 secs] 
3.892: [Full GC (Allocation Failure) 3.892: [CMS: 6847K->6847K(6848K), 0.0132045 secs] 9919K->9919K(9920K), [Metaspace: 3864K->3864K(1056768K)], 0.0132671 secs] [Times: user=0.01 sys=0.00, real=0.01 secs] 
3.906: [Full GC (Allocation Failure) 3.906: [CMS: 6847K->6847K(6848K), 0.0136250 secs] 9919K->9919K(9920K), [Metaspace: 3864K->3864K(1056768K)], 0.0136877 secs] [Times: user=0.02 sys=0.00, real=0.01 secs] 
3.920: [GC (CMS Initial Mark) [1 CMS-initial-mark: 6847K(6848K)] 9919K(9920K), 0.0032853 secs] [Times: user=0.00 sys=0.00, real=0.00 secs] 
3.923: [CMS-concurrent-mark-start]
3.923: [Full GC (Allocation Failure) 3.923: [CMS3.930: [CMS-concurrent-mark: 0.006/0.007 secs] [Times: user=0.00 sys=0.00, real=0.01 secs] 
 (concurrent mode failure): 6848K->6847K(6848K), 0.0215987 secs] 9919K->9919K(9920K), [Metaspace: 3864K->3864K(1056768K)], 0.0216625 secs] [Times: user=0.01 sys=0.00, real=0.02 secs] 
3.945: [Full GC (Allocation Failure) 3.945: [CMS: 6847K->6847K(6848K), 0.0135024 secs] 9919K->9919K(9920K), [Metaspace: 3864K->3864K(1056768K)], 0.0135655 secs] [Times: user=0.02 sys=0.00, real=0.01 secs] 
3.959: [Full GC (Allocation Failure) 3.959: [CMS: 6847K->6847K(6848K), 0.0138569 secs] 9919K->9919K(9920K), [Metaspace: 3864K->3864K(1056768K)], 0.0139202 secs] [Times: user=0.02 sys=0.00, real=0.01 secs] 
3.973: [GC (CMS Initial Mark) [1 CMS-initial-mark: 6847K(6848K)] 9919K(9920K), 0.0033151 secs] [Times: user=0.00 sys=0.00, real=0.00 secs] 
3.976: [CMS-concurrent-mark-start]
3.976: [Full GC (Allocation Failure) 3.976: [CMS3.983: [CMS-concurrent-mark: 0.006/0.007 secs] [Times: user=0.03 sys=0.00, real=0.01 secs] 
 (concurrent mode failure): 6848K->6847K(6848K), 0.0205884 secs] 9919K->9919K(9920K), [Metaspace: 3864K->3864K(1056768K)], 0.0206537 secs] [Times: user=0.05 sys=0.00, real=0.02 secs] 
3.997: [Full GC (Allocation Failure) 3.997: [CMS: 6848K->6847K(6848K), 0.0132892 secs] 9919K->9919K(9920K), [Metaspace: 3864K->3864K(1056768K)], 0.0133459 secs] [Times: user=0.00 sys=0.00, real=0.01 secs] 
4.011: [GC (CMS Initial Mark) [1 CMS-initial-mark: 6847K(6848K)] 9919K(9920K), 0.0032748 secs] [Times: user=0.01 sys=0.00, real=0.00 secs] 
4.014: [CMS-concurrent-mark-start]
4.014: [Full GC (Allocation Failure) 4.014: [CMS4.021: [CMS-concurrent-mark: 0.006/0.007 secs] [Times: user=0.00 sys=0.00, real=0.01 secs] 
 (concurrent mode failure): 6847K->6847K(6848K), 0.0215205 secs] 9919K->9919K(9920K), [Metaspace: 3864K->3864K(1056768K)], 0.0215976 secs] [Times: user=0.02 sys=0.00, real=0.02 secs] 
4.036: [Full GC (Allocation Failure) 4.036: [CMS: 6848K->6847K(6848K), 0.0138449 secs] 9919K->9919K(9920K), [Metaspace: 3864K->3864K(1056768K)], 0.0139059 secs] [Times: user=0.01 sys=0.00, real=0.01 secs] 
4.050: [GC (CMS Initial Mark) [1 CMS-initial-mark: 6847K(6848K)] 9919K(9920K), 0.0032493 secs] [Times: user=0.00 sys=0.00, real=0.00 secs] 
4.053: [CMS-concurrent-mark-start]
4.053: [Full GC (Allocation Failure) 4.053: [CMS4.061: [CMS-concurrent-mark: 0.006/0.008 secs] [Times: user=0.03 sys=0.00, real=0.01 secs] 
 (concurrent mode failure): 6847K->6847K(6848K), 0.0231004 secs] 9919K->9919K(9920K), [Metaspace: 3864K->3864K(1056768K)], 0.0231759 secs] [Times: user=0.05 sys=0.00, real=0.02 secs] 
4.077: [Full GC (Allocation Failure) 4.077: [CMS: 6847K->6847K(6848K), 0.0139357 secs] 9919K->9919K(9920K), [Metaspace: 3864K->3864K(1056768K)], 0.0139985 secs] [Times: user=0.02 sys=0.00, real=0.01 secs] 
4.091: [Full GC (Allocation Failure) 4.091: [CMS: 6848K->6847K(6848K), 0.0130771 secs] 9919K->9919K(9920K), [Metaspace: 3864K->3864K(1056768K)], 0.0131423 secs] [Times: user=0.00 sys=0.00, real=0.01 secs] 
4.104: [GC (CMS Initial Mark) [1 CMS-initial-mark: 6847K(6848K)] 9919K(9920K), 0.0035212 secs] [Times: user=0.02 sys=0.00, real=0.00 secs] 
4.108: [CMS-concurrent-mark-start]
4.108: [Full GC (Allocation Failure) 4.108: [CMS4.115: [CMS-concurrent-mark: 0.006/0.007 secs] [Times: user=0.00 sys=0.00, real=0.01 secs] 
 (concurrent mode failure): 6848K->6848K(6848K), 0.0225412 secs] 9919K->9919K(9920K), [Metaspace: 3864K->3864K(1056768K)], 0.0226040 secs] [Times: user=0.01 sys=0.00, real=0.02 secs] 
4.131: [Full GC (Allocation Failure) 4.131: [CMS: 6848K->6847K(6848K), 0.0130174 secs] 9919K->9919K(9920K), [Metaspace: 3864K->3864K(1056768K)], 0.0130852 secs] [Times: user=0.02 sys=0.00, real=0.01 secs] 
4.144: [GC (CMS Initial Mark) [1 CMS-initial-mark: 6847K(6848K)] 9919K(9920K), 0.0034317 secs] [Times: user=0.00 sys=0.00, real=0.00 secs] 
4.147: [CMS-concurrent-mark-start]
4.148: [Full GC (Allocation Failure) 4.148: [CMS4.155: [CMS-concurrent-mark: 0.006/0.008 secs] [Times: user=0.03 sys=0.00, real=0.01 secs] 
 (concurrent mode failure): 6847K->6847K(6848K), 0.0210402 secs] 9919K->9919K(9920K), [Metaspace: 3864K->3864K(1056768K)], 0.0211170 secs] [Times: user=0.05 sys=0.00, real=0.02 secs] 
4.169: [Full GC (Allocation Failure) 4.169: [CMS: 6847K->6847K(6848K), 0.0131243 secs] 9919K->9919K(9920K), [Metaspace: 3864K->3864K(1056768K)], 0.0131935 secs] [Times: user=0.00 sys=0.00, real=0.01 secs] 
4.182: [GC (CMS Initial Mark) [1 CMS-initial-mark: 6847K(6848K)] 9919K(9920K), 0.0033749 secs] [Times: user=0.02 sys=0.00, real=0.00 secs] 
4.186: [CMS-concurrent-mark-start]
4.186: [Full GC (Allocation Failure) 4.186: [CMS4.193: [CMS-concurrent-mark: 0.006/0.007 secs] [Times: user=0.00 sys=0.00, real=0.01 secs] 
 (concurrent mode failure): 6847K->6847K(6848K), 0.0264977 secs] 9919K->9919K(9920K), [Metaspace: 3864K->3864K(1056768K)], 0.0265633 secs] [Times: user=0.02 sys=0.00, real=0.03 secs] 
4.213: [Full GC (Allocation Failure) 4.213: [CMS: 6848K->6847K(6848K), 0.0179207 secs] 9919K->9919K(9920K), [Metaspace: 3864K->3864K(1056768K)], 0.0179944 secs] [Times: user=0.03 sys=0.00, real=0.02 secs] 
4.231: [GC (CMS Initial Mark) [1 CMS-initial-mark: 6847K(6848K)] 9919K(9920K), 0.0033757 secs] [Times: user=0.00 sys=0.00, real=0.00 secs] 
4.234: [CMS-concurrent-mark-start]
4.234: [Full GC (Allocation Failure) 4.234: [CMS4.241: [CMS-concurrent-mark: 0.006/0.007 secs] [Times: user=0.00 sys=0.00, real=0.01 secs] 
 (concurrent mode failure): 6847K->6847K(6848K), 0.0267971 secs] 9919K->9919K(9920K), [Metaspace: 3864K->3864K(1056768K)], 0.0268603 secs] [Times: user=0.02 sys=0.00, real=0.03 secs] 
4.261: [Full GC (Allocation Failure) 4.261: [CMS: 6848K->6847K(6848K), 0.0185949 secs] 9919K->9919K(9920K), [Metaspace: 3864K->3864K(1056768K)], 0.0186537 secs] [Times: user=0.03 sys=0.00, real=0.02 secs] 
4.280: [GC (CMS Initial Mark) [1 CMS-initial-mark: 6847K(6848K)] 9919K(9920K), 0.0032930 secs] [Times: user=0.00 sys=0.00, real=0.00 secs] 
4.283: [CMS-concurrent-mark-start]
4.283: [Full GC (Allocation Failure) 4.283: [CMS4.291: [CMS-concurrent-mark: 0.006/0.008 secs] [Times: user=0.00 sys=0.00, real=0.01 secs] 
 (concurrent mode failure): 6848K->6847K(6848K), 0.0251780 secs] 9919K->9919K(9920K), [Metaspace: 3864K->3864K(1056768K)], 0.0252467 secs] [Times: user=0.00 sys=0.03, real=0.03 secs] 
4.309: [Full GC (Allocation Failure) 4.309: [CMS: 6847K->6847K(6848K), 0.0176655 secs] 9919K->9919K(9920K), [Metaspace: 3864K->3864K(1056768K)], 0.0177420 secs] [Times: user=0.02 sys=0.00, real=0.02 secs] 
4.327: [GC (CMS Initial Mark) [1 CMS-initial-mark: 6847K(6848K)] 9919K(9920K), 0.0033332 secs] [Times: user=0.00 sys=0.00, real=0.00 secs] 
4.330: [CMS-concurrent-mark-start]
4.330: [Full GC (Allocation Failure) 4.330: [CMS4.338: [CMS-concurrent-mark: 0.006/0.008 secs] [Times: user=0.00 sys=0.00, real=0.01 secs] 
 (concurrent mode failure): 6847K->6847K(6848K), 0.0253514 secs] 9919K->9919K(9920K), [Metaspace: 3864K->3864K(1056768K)], 0.0254245 secs] [Times: user=0.03 sys=0.00, real=0.03 secs] 
4.356: [Full GC (Allocation Failure) 4.356: [CMS: 6847K->6847K(6848K), 0.0175496 secs] 9919K->9919K(9920K), [Metaspace: 3864K->3864K(1056768K)], 0.0176127 secs] [Times: user=0.02 sys=0.00, real=0.02 secs] 
4.374: [Full GC (Allocation Failure) 4.374: [CMS: 6847K->6847K(6848K), 0.0186627 secs] 9919K->9919K(9920K), [Metaspace: 3864K->3864K(1056768K)], 0.0187297 secs] [Times: user=0.01 sys=0.00, real=0.02 secs] 
4.393: [GC (CMS Initial Mark) [1 CMS-initial-mark: 6847K(6848K)] 9919K(9920K), 0.0032999 secs] [Times: user=0.00 sys=0.00, real=0.00 secs] 
4.396: [CMS-concurrent-mark-start]
4.396: [Full GC (Allocation Failure) 4.396: [CMS4.403: [CMS-concurrent-mark: 0.006/0.007 secs] [Times: user=0.03 sys=0.00, real=0.01 secs] 
 (concurrent mode failure): 6847K->6847K(6848K), 0.0268131 secs] 9919K->9919K(9920K), [Metaspace: 3864K->3864K(1056768K)], 0.0268657 secs] [Times: user=0.05 sys=0.00, real=0.03 secs] 
4.423: [Full GC (Allocation Failure) 4.423: [CMS: 6848K->6847K(6848K), 0.0188391 secs] 9919K->9919K(9920K), [Metaspace: 3864K->3864K(1056768K)], 0.0189021 secs] [Times: user=0.02 sys=0.00, real=0.02 secs] 
4.442: [GC (CMS Initial Mark) [1 CMS-initial-mark: 6847K(6848K)] 9919K(9920K), 0.0032720 secs] [Times: user=0.00 sys=0.00, real=0.00 secs] 
4.445: [CMS-concurrent-mark-start]
4.446: [Full GC (Allocation Failure) 4.446: [CMS4.453: [CMS-concurrent-mark: 0.006/0.008 secs] [Times: user=0.03 sys=0.00, real=0.01 secs] 
 (concurrent mode failure): 6847K->6847K(6848K), 0.0265323 secs] 9919K->9919K(9920K), [Metaspace: 3864K->3864K(1056768K)], 0.0266907 secs] [Times: user=0.05 sys=0.00, real=0.03 secs] 
4.473: [Full GC (Allocation Failure) 4.473: [CMS: 6847K->6847K(6848K), 0.0189075 secs] 9919K->9919K(9920K), [Metaspace: 3864K->3864K(1056768K)], 0.0189755 secs] [Times: user=0.01 sys=0.00, real=0.02 secs] 
4.492: [Full GC (Allocation Failure) 4.492: [CMS: 6847K->6847K(6848K), 0.0177150 secs] 9919K->9919K(9920K), [Metaspace: 3864K->3864K(1056768K)], 0.0177795 secs] [Times: user=0.02 sys=0.00, real=0.02 secs] 
4.510: [GC (CMS Initial Mark) [1 CMS-initial-mark: 6847K(6848K)] 9919K(9920K), 0.0033248 secs] [Times: user=0.01 sys=0.00, real=0.00 secs] 
4.513: [CMS-concurrent-mark-start]
4.513: [Full GC (Allocation Failure) 4.513: [CMS4.520: [CMS-concurrent-mark: 0.006/0.007 secs] [Times: user=0.00 sys=0.00, real=0.01 secs] 
 (concurrent mode failure): 6847K->6847K(6848K), 0.0247384 secs] 9919K->9919K(9920K), [Metaspace: 3864K->3864K(1056768K)], 0.0247982 secs] [Times: user=0.02 sys=0.00, real=0.02 secs] 
4.538: [Full GC (Allocation Failure) 4.538: [CMS: 6847K->6847K(6848K), 0.0181850 secs] 9919K->9919K(9920K), [Metaspace: 3864K->3864K(1056768K)], 0.0182738 secs] [Times: user=0.02 sys=0.00, real=0.02 secs] 
4.556: [GC (CMS Initial Mark) [1 CMS-initial-mark: 6847K(6848K)] 9919K(9920K), 0.0034109 secs] [Times: user=0.02 sys=0.00, real=0.00 secs] 
4.560: [CMS-concurrent-mark-start]
4.560: [Full GC (Allocation Failure) 4.560: [CMS4.567: [CMS-concurrent-mark: 0.006/0.007 secs] [Times: user=0.00 sys=0.00, real=0.01 secs] 
 (concurrent mode failure): 6848K->6848K(6848K), 0.0253793 secs] 9919K->9919K(9920K), [Metaspace: 3864K->3864K(1056768K)], 0.0254436 secs] [Times: user=0.02 sys=0.00, real=0.03 secs] 
4.586: [Full GC (Allocation Failure) 4.586: [CMS: 6848K->6847K(6848K), 0.0190872 secs] 9919K->9919K(9920K), [Metaspace: 3864K->3864K(1056768K)], 0.0191470 secs] [Times: user=0.02 sys=0.00, real=0.02 secs] 
4.605: [GC (CMS Initial Mark) [1 CMS-initial-mark: 6848K(6848K)] 9919K(9920K), 0.0032908 secs] [Times: user=0.01 sys=0.00, real=0.00 secs] 
4.608: [CMS-concurrent-mark-start]
4.608: [Full GC (Allocation Failure) 4.608: [CMS4.616: [CMS-concurrent-mark: 0.006/0.008 secs] [Times: user=0.00 sys=0.00, real=0.01 secs] 
 (concurrent mode failure): 6848K->6847K(6848K), 0.0266159 secs] 9919K->9919K(9920K), [Metaspace: 3864K->3864K(1056768K)], 0.0266753 secs] [Times: user=0.02 sys=0.00, real=0.03 secs] 
4.635: [Full GC (Allocation Failure) 4.635: [CMS: 6848K->6848K(6848K), 0.0181652 secs] 9919K->9919K(9920K), [Metaspace: 3864K->3864K(1056768K)], 0.0182269 secs] [Times: user=0.01 sys=0.02, real=0.02 secs] 
4.653: [GC (CMS Initial Mark) [1 CMS-initial-mark: 6848K(6848K)] 9919K(9920K), 0.0033431 secs] [Times: user=0.00 sys=0.00, real=0.00 secs] 
4.657: [CMS-concurrent-mark-start]
4.657: [Full GC (Allocation Failure) 4.657: [CMS4.664: [CMS-concurrent-mark: 0.006/0.007 secs] [Times: user=0.00 sys=0.00, real=0.01 secs] 
 (concurrent mode failure): 6848K->6847K(6848K), 0.0250613 secs] 9919K->9919K(9920K), [Metaspace: 3864K->3864K(1056768K)], 0.0251222 secs] [Times: user=0.02 sys=0.00, real=0.03 secs] 
4.682: [Full GC (Allocation Failure) 4.682: [CMS: 6847K->6847K(6848K), 0.0180041 secs] 9919K->9919K(9920K), [Metaspace: 3864K->3864K(1056768K)], 0.0180729 secs] [Times: user=0.02 sys=0.01, real=0.02 secs] 
4.700: [GC (CMS Initial Mark) [1 CMS-initial-mark: 6847K(6848K)] 9919K(9920K), 0.0032968 secs] [Times: user=0.00 sys=0.00, real=0.00 secs] 
4.704: [CMS-concurrent-mark-start]
4.704: [Full GC (Allocation Failure) 4.704: [CMS4.713: [CMS-concurrent-mark: 0.008/0.010 secs] [Times: user=0.00 sys=0.00, real=0.01 secs] 
 (concurrent mode failure): 6848K->6848K(6848K), 0.0278769 secs] 9919K->9919K(9920K), [Metaspace: 3864K->3864K(1056768K)], 0.0279463 secs] [Times: user=0.02 sys=0.02, real=0.03 secs] 
4.732: [Full GC (Allocation Failure) 4.732: [CMS: 6848K->6847K(6848K), 0.0177259 secs] 9919K->9919K(9920K), [Metaspace: 3864K->3864K(1056768K)], 0.0178072 secs] [Times: user=0.02 sys=0.00, real=0.02 secs] 
4.750: [Full GC (Allocation Failure) 4.750: [CMS: 6847K->6847K(6848K), 0.0177650 secs] 9919K->9919K(9920K), [Metaspace: 3864K->3864K(1056768K)], 0.0178172 secs] [Times: user=0.02 sys=0.00, real=0.02 secs] 
4.769: [GC (CMS Initial Mark) [1 CMS-initial-mark: 6847K(6848K)] 9919K(9920K), 0.0032943 secs] [Times: user=0.00 sys=0.00, real=0.00 secs] 
4.772: [CMS-concurrent-mark-start]
4.803: [Full GC (Allocation Failure) 4.803: [CMS4.810: [CMS-concurrent-mark: 0.006/0.038 secs] [Times: user=0.06 sys=0.00, real=0.04 secs] 
 (concurrent mode failure): 6847K->998K(6848K), 0.0116915 secs] 9919K->998K(9920K), [Metaspace: 3864K->3864K(1056768K)], 0.0117566 secs] [Times: user=0.03 sys=0.00, real=0.01 secs] 
Heap
 par new generation   total 3072K, used 82K [0x00000000ff600000, 0x00000000ff950000, 0x00000000ff950000)
  eden space 2752K,   3% used [0x00000000ff600000, 0x00000000ff614bc8, 0x00000000ff8b0000)
  from space 320K,   0% used [0x00000000ff8b0000, 0x00000000ff8b0000, 0x00000000ff900000)
  to   space 320K,   0% used [0x00000000ff900000, 0x00000000ff900000, 0x00000000ff950000)
 concurrent mark-sweep generation total 6848K, used 998K [0x00000000ff950000, 0x0000000100000000, 0x0000000100000000)
 Metaspace       used 3895K, capacity 4540K, committed 4864K, reserved 1056768K
  class space    used 419K, capacity 428K, committed 512K, reserved 1048576K
